Component: ARM Compiler 5.06 update 6 (build 750) Tool: armlink [4d35ed]

==============================================================================

Section Cross References

    lock_common.o(i.lock_common_init) refers to app_ota.o(i.app_ota_init) for app_ota_init
    lock_common.o(i.lock_common_init) refers to app_port.o(i.app_port_nv_init) for app_port_nv_init
    lock_common.o(i.lock_common_init) refers to app_port.o(i.app_port_local_clock_start) for app_port_local_clock_start
    lock_common.o(i.lock_common_init) refers to lock_timer.o(i.lock_timer_creat) for lock_timer_creat
    lock_common.o(i.lock_common_init) refers to app_common.o(i.app_common_init) for app_common_init
    lock_common.o(i.lock_common_init) refers to nrfs_common.o(i.nrfs_log_hexdump) for nrfs_log_hexdump
    lock_common.o(i.lock_common_init) refers to tuya_ble_main.o(.bss) for tuya_ble_current_para
    lock_common.o(i.lock_factory_handler) refers to app_port.o(i.app_port_tuya_ble_device_factory_reset) for app_port_tuya_ble_device_factory_reset
    lock_common.o(i.lock_factory_handler) refers to app_flash.o(i.lock_flash_erease_all) for lock_flash_erease_all
    lock_common.o(i.lock_open_with_bt) refers to elog.o(i.elog_output) for elog_output
    lock_common.o(i.lock_open_with_bt) refers to lock_hard.o(.data) for g_auto_switch
    lock_common.o(i.lock_open_with_bt) refers to lock_common.o(.constdata) for .constdata
    lock_common.o(i.lock_open_with_bt) refers to lock_common.o(.conststring) for .conststring
    lock_common.o(i.lock_open_with_master) refers to elog.o(i.elog_output) for elog_output
    lock_common.o(i.lock_open_with_master) refers to lock_hard.o(.data) for g_auto_switch
    lock_common.o(i.lock_open_with_master) refers to lock_common.o(.constdata) for .constdata
    lock_common.o(i.lock_open_with_master) refers to lock_common.o(.conststring) for .conststring
    lock_common.o(i.lock_open_with_nopwd_remote) refers to elog.o(i.elog_output) for elog_output
    lock_common.o(i.lock_open_with_nopwd_remote) refers to lock_hard.o(.data) for g_auto_switch
    lock_common.o(i.lock_open_with_nopwd_remote) refers to lock_common.o(.constdata) for .constdata
    lock_common.o(i.lock_open_with_nopwd_remote) refers to lock_common.o(.conststring) for .conststring
    lock_common.o(i.lock_remote_anti_lock) refers to elog.o(i.elog_output) for elog_output
    lock_common.o(i.lock_remote_anti_lock) refers to lock_common.o(.constdata) for .constdata
    lock_common.o(i.lock_remote_anti_lock) refers to lock_common.o(.conststring) for .conststring
    lock_hard.o(i.lock_hard_uart_simulate) refers to elog.o(i.elog_output) for elog_output
    lock_hard.o(i.lock_hard_uart_simulate) refers to nrfs_common.o(i.nrfs_log_hexdump) for nrfs_log_hexdump
    lock_hard.o(i.lock_hard_uart_simulate) refers to app_flash.o(i.lock_get_hardid) for lock_get_hardid
    lock_hard.o(i.lock_hard_uart_simulate) refers to lock_dp_report.o(i.lock_state_sync_report) for lock_state_sync_report
    lock_hard.o(i.lock_hard_uart_simulate) refers to app_port.o(i.app_port_dp_data_report) for app_port_dp_data_report
    lock_hard.o(i.lock_hard_uart_simulate) refers to app_port.o(i.app_port_nv_set_default) for app_port_nv_set_default
    lock_hard.o(i.lock_hard_uart_simulate) refers to lock_dp_report.o(i.lock_hard_creat_sub_report) for lock_hard_creat_sub_report
    lock_hard.o(i.lock_hard_uart_simulate) refers to app_flash.o(i.lock_hard_save_in_local_flash) for lock_hard_save_in_local_flash
    lock_hard.o(i.lock_hard_uart_simulate) refers to lock_dp_report.o(i.lock_open_record_report) for lock_open_record_report
    lock_hard.o(i.lock_hard_uart_simulate) refers to lock_dp_report.o(i.lock_open_record_combine_report) for lock_open_record_combine_report
    lock_hard.o(i.lock_hard_uart_simulate) refers to lock_dp_report.o(i.lock_alarm_record_report) for lock_alarm_record_report
    lock_hard.o(i.lock_hard_uart_simulate) refers to memseta.o(.text) for __aeabi_memclr4
    lock_hard.o(i.lock_hard_uart_simulate) refers to cpt_math.o(i.source_to_object) for source_to_object
    lock_hard.o(i.lock_hard_uart_simulate) refers to lock_dynamic_pwd.o(i.lock_dynamic_pwd_verify) for lock_dynamic_pwd_verify
    lock_hard.o(i.lock_hard_uart_simulate) refers to app_port.o(i.app_port_get_timestamp) for app_port_get_timestamp
    lock_hard.o(i.lock_hard_uart_simulate) refers to lock_offline_pwd.o(i.lock_offline_pwd_verify) for lock_offline_pwd_verify
    lock_hard.o(i.lock_hard_uart_simulate) refers to app_port.o(i.app_port_aes128_cbc_encrypt) for app_port_aes128_cbc_encrypt
    lock_hard.o(i.lock_hard_uart_simulate) refers to lock_hard.o(.constdata) for .constdata
    lock_hard.o(i.lock_hard_uart_simulate) refers to lock_hard.o(.conststring) for .conststring
    lock_hard.o(i.lock_hard_uart_simulate) refers to lock_hard.o(.data) for .data
    lock_hard.o(i.lock_hard_uart_simulate) refers to tuya_ble_main.o(.bss) for tuya_ble_current_para
[...]
    0x0002fc1c   0x0002fc1c   0x00000054   Code   RO         1153    i.lock_test_mode_exit  lock_test.o
    0x0002fc70   0x0002fc70   0x0000030c   Code   RO         1154    i.lock_test_process  lock_test.o
    0x0002ff7c   0x0002ff7c   0x00000050   Code   RO         1155    i.lock_test_rsp     lock_test.o
    0x0002ffcc   0x0002ffcc   0x000000dc   Code   RO          892    i.lock_timer_creat  lock_timer.o
    0x000300a8   0x000300a8   0x00000018   Code   RO          894    i.lock_timer_start  lock_timer.o
    0x000300c0   0x000300c0   0x00000018   Code   RO          895    i.lock_timer_stop   lock_timer.o
    0x000300d8   0x000300d8   0x0000009c   Code   RO         9498    i.log_skip          nrf_log_frontend.o
    0x00030174   0x00030174   0x0000006e   Code   RO         5119    i.main              main.o
    0x000301e2   0x000301e2   0x00000096   Code   RO         3680    i.mbedtls_aes_crypt_cbc  aes.o
    0x00030278   0x00030278   0x00000018   Code   RO         3683    i.mbedtls_aes_crypt_ecb  aes.o
    0x00030290   0x00030290   0x0000000e   Code   RO         3686    i.mbedtls_aes_free  aes.o
    0x0003029e   0x0003029e   0x00000008   Code   RO         3687    i.mbedtls_aes_init  aes.o
    0x000302a6   0x000302a6   0x00000002   PAD
    0x000302a8   0x000302a8   0x000000cc   Code   RO         3688    i.mbedtls_aes_setkey_dec  aes.o
    0x00030374   0x00030374   0x0000019c   Code   RO         3689    i.mbedtls_aes_setkey_enc  aes.o
    0x00030510   0x00030510   0x000003cc   Code   RO         3690    i.mbedtls_internal_aes_decrypt  aes.o
    0x000308dc   0x000308dc   0x000003c8   Code   RO         3691    i.mbedtls_internal_aes_encrypt  aes.o
    0x00030ca4   0x00030ca4   0x000007f4   Code   RO         3779    i.mbedtls_internal_md5_process  md5.o
    0x00031498   0x00031498   0x00000004   Code   RO         3782    i.mbedtls_md5_finish  md5.o
    0x0003149c   0x0003149c   0x000000e0   Code   RO         3783    i.mbedtls_md5_finish_ret  md5.o
    0x0003157c   0x0003157c   0x0000000c   Code   RO         3784    i.mbedtls_md5_free  md5.o
    0x00031588   0x00031588   0x00000006   Code   RO         3785    i.mbedtls_md5_init  md5.o
    0x0003158e   0x0003158e   0x00000004   Code   RO         3788    i.mbedtls_md5_starts  md5.o
    0x00031592   0x00031592   0x00000002   PAD
    0x00031594   0x00031594   0x00000028   Code   RO         3789    i.mbedtls_md5_starts_ret  md5.o
    0x000315bc   0x000315bc   0x00000004   Code   RO         3790    i.mbedtls_md5_update  md5.o
    0x000315c0   0x000315c0   0x00000074   Code   RO         3791    i.mbedtls_md5_update_ret  md5.o
    0x00031634   0x00031634   0x00000010   Code   RO         3873    i.mbedtls_platform_zeroize  platform_util.o
    0x00031644   0x00031644   0x0000007e   Code   RO         8761    i.memobj_op         nrf_memobj.o
    0x000316c2   0x000316c2   0x00000002   PAD
    0x000316c4   0x000316c4   0x00000030   Code   RO         9499    i.module_idx_get    nrf_log_frontend.o
    0x000316f4   0x000316f4   0x00000010   Code   RO         8373    i.nrf_atfifo_clear  nrf_atfifo.o
    0x00031704   0x00031704   0x00000026   Code   RO         8375    i.nrf_atfifo_init   nrf_atfifo.o
    0x0003172a   0x0003172a   0x00000016   Code   RO         8376    i.nrf_atfifo_item_alloc  nrf_atfifo.o
    0x00031740   0x00031740   0x00000016   Code   RO         8377    i.nrf_atfifo_item_free  nrf_atfifo.o
    0x00031756   0x00031756   0x00000016   Code   RO         8378    i.nrf_atfifo_item_get  nrf_atfifo.o
    0x0003176c   0x0003176c   0x00000016   Code   RO         8379    i.nrf_atfifo_item_put  nrf_atfifo.o
    0x00031782   0x00031782   0x00000016   Code   RO         8444    i.nrf_atflags_clear  nrf_atflags.o
    0x00031798   0x00031798   0x00000016   Code   RO         8449    i.nrf_atflags_get   nrf_atflags.o
    0x000317ae   0x000317ae   0x00000014   Code   RO         8451    i.nrf_atflags_set   nrf_atflags.o
    0x000317c2   0x000317c2   0x00000006   Code   RO         8511    i.nrf_atomic_flag_clear  nrf_atomic.o
    0x000317c8   0x000317c8   0x00000006   Code   RO         8512    i.nrf_atomic_flag_clear_fetch  nrf_atomic.o
    0x000317ce   0x000317ce   0x00000006   Code   RO         8513    i.nrf_atomic_flag_set  nrf_atomic.o
    0x000317d4   0x000317d4   0x00000006   Code   RO         8514    i.nrf_atomic_flag_set_fetch  nrf_atomic.o
    0x000317da   0x000317da   0x0000000c   Code   RO         8515    i.nrf_atomic_u32_add  nrf_atomic.o
    0x000317e6   0x000317e6   0x0000000c   Code   RO         8516    i.nrf_atomic_u32_and  nrf_atomic.o
    0x000317f2   0x000317f2   0x0000000a   Code   RO         8519    i.nrf_atomic_u32_fetch_and  nrf_atomic.o
    0x000317fc   0x000317fc   0x0000000a   Code   RO         8520    i.nrf_atomic_u32_fetch_or  nrf_atomic.o
    0x00031806   0x00031806   0x0000000a   Code   RO         8521    i.nrf_atomic_u32_fetch_store  nrf_atomic.o
    0x00031810   0x00031810   0x0000000c   Code   RO         8525    i.nrf_atomic_u32_or  nrf_atomic.o
    0x0003181c   0x0003181c   0x0000000c   Code   RO         8526    i.nrf_atomic_u32_store  nrf_atomic.o
    0x00031828   0x00031828   0x0000000c   Code   RO         8527    i.nrf_atomic_u32_sub  nrf_atomic.o
    0x00031834   0x00031834   0x00000048   Code   RO         8646    i.nrf_balloc_alloc  nrf_balloc.o
    0x0003187c   0x0003187c   0x00000034   Code   RO         8647    i.nrf_balloc_free   nrf_balloc.o
    0x000318b0   0x000318b0   0x00000030   Code   RO         8648    i.nrf_balloc_init   nrf_balloc.o
    0x000318e0   0x000318e0   0x00000010   Code   RO         6824    i.nrf_bitmask_bit_is_set  nrfx_gpiote.o
    0x000318f0   0x000318f0   0x00000014   Code   RO         6825    i.nrf_bitmask_bit_set  nrfx_gpiote.o
    0x00031904   0x00031904   0x00000022   Code   RO         6011    i.nrf_ble_gatt_init  nrf_ble_gatt.o
    0x00031926   0x00031926   0x00000002   PAD
    0x00031928   0x00031928   0x00000150   Code   RO         6012    i.nrf_ble_gatt_on_ble_evt  nrf_ble_gatt.o
    0x00031a78   0x00031a78   0x0000004c   Code   RO         6149    i.nrf_ble_scan_connect_with_target  nrf_ble_scan.o
    0x00031ac4   0x00031ac4   0x00000014   Code   RO         6151    i.nrf_ble_scan_default_conn_param_set  nrf_ble_scan.o
    0x00031ad8   0x00031ad8   0x0000001e   Code   RO         6152    i.nrf_ble_scan_default_param_set  nrf_ble_scan.o
    0x00031af6   0x00031af6   0x0000006a   Code   RO         6157    i.nrf_ble_scan_init  nrf_ble_scan.o
    0x00031b60   0x00031b60   0x000000fc   Code   RO         6158    i.nrf_ble_scan_on_adv_report  nrf_ble_scan.o
    0x00031c5c   0x00031c5c   0x000000ae   Code   RO         6159    i.nrf_ble_scan_on_ble_evt  nrf_ble_scan.o
    0x00031d0a   0x00031d0a   0x00000028   Code   RO         6160    i.nrf_ble_scan_params_set  nrf_ble_scan.o
    0x00031d32   0x00031d32   0x0000000e   Code   RO         6678    i.nrf_clock_event_check  nrfx_clock.o
    0x00031d40   0x00031d40   0x00000010   Code   RO         6679    i.nrf_clock_event_clear  nrfx_clock.o
    0x00031d50   0x00031d50   0x00000020   Code   RO         5006    i.nrf_delay_ms      nrfs_flash.o
    0x00031d70   0x00031d70   0x00000078   Code   RO        10199    i.nrf_dfu_flash_erase  nrf_dfu_flash.o
    0x00031de8   0x00031de8   0x0000001c   Code   RO        10200    i.nrf_dfu_flash_init  nrf_dfu_flash.o
    0x00031e04   0x00031e04   0x00000078   Code   RO        10201    i.nrf_dfu_flash_store  nrf_dfu_flash.o
    0x00031e7c   0x00031e7c   0x00000198   Code   RO        10257    i.nrf_dfu_settings_init  nrf_dfu_settings.o
    0x00032014   0x00032014   0x00000028   Code   RO        10258    i.nrf_dfu_settings_write  nrf_dfu_settings.o
    0x0003203c   0x0003203c   0x00000020   Code   RO        10259    i.nrf_dfu_settings_write_and_backup  nrf_dfu_settings.o
    0x0003205c   0x0003205c   0x00000038   Code   RO         6347    i.nrf_drv_clock_init  nrf_drv_clock.o
    0x00032094   0x00032094   0x00000034   Code   RO         6351    i.nrf_drv_clock_lfclk_release  nrf_drv_clock.o
    0x000320c8   0x000320c8   0x00000068   Code   RO         6486    i.nrf_drv_uart_init  nrf_drv_uart.o
    0x00032130   0x00032130   0x00000020   Code   RO         8180    i.nrf_drv_uart_rx   app_uart_fifo.o
    0x00032150   0x00032150   0x00000020   Code   RO         8181    i.nrf_drv_uart_tx   app_uart_fifo.o
    0x00032170   0x00032170   0x0000004a   Code   RO         2009    i.nrf_err_code_convert  tuya_ble_port_nrf52832.o
    0x000321ba   0x000321ba   0x0000001a   Code   RO         8685    i.nrf_fprintf       nrf_fprintf.o
    0x000321d4   0x000321d4   0x00000018   Code   RO         8686    i.nrf_fprintf_buffer_flush  nrf_fprintf.o
    0x000321ec   0x000321ec   0x000001da   Code   RO         8723    i.nrf_fprintf_fmt   nrf_fprintf_format.o
    0x000323c6   0x000323c6   0x00000002   PAD
    0x000323c8   0x000323c8   0x00000138   Code   RO         9070    i.nrf_fstorage_erase  nrf_fstorage.o
    0x00032500   0x00032500   0x00000094   Code   RO         9071    i.nrf_fstorage_init  nrf_fstorage.o
    0x00032594   0x00032594   0x00000160   Code   RO         9073    i.nrf_fstorage_read  nrf_fstorage.o
    0x000326f4   0x000326f4   0x00000018   Code   RO         9159    i.nrf_fstorage_sdh_req_handler  nrf_fstorage_sd.o
    0x0003270c   0x0003270c   0x00000020   Code   RO         9160    i.nrf_fstorage_sdh_state_handler  nrf_fstorage_sd.o
    0x0003272c   0x0003272c   0x000000a0   Code   RO         9161    i.nrf_fstorage_sys_evt_handler  nrf_fstorage_sd.o
    0x000327cc   0x000327cc   0x000001dc   Code   RO         9077    i.nrf_fstorage_write  nrf_fstorage.o
    0x000329a8   0x000329a8   0x00000024   Code   RO         7144    i.nrf_gpio_cfg      nrfx_uart.o
    0x000329cc   0x000329cc   0x00000024   Code   RO         7333    i.nrf_gpio_cfg      nrfx_uarte.o
    0x000329f0   0x000329f0   0x00000012   Code   RO         7145    i.nrf_gpio_cfg_default  nrfx_uart.o
    0x00032a02   0x00032a02   0x00000012   Code   RO         7334    i.nrf_gpio_cfg_default  nrfx_uarte.o
    0x00032a14   0x00032a14   0x00000012   Code   RO         7146    i.nrf_gpio_cfg_input  nrfx_uart.o
    0x00032a26   0x00032a26   0x00000012   Code   RO         7335    i.nrf_gpio_cfg_input  nrfx_uarte.o
    0x00032a38   0x00032a38   0x00000014   Code   RO         7147    i.nrf_gpio_cfg_output  nrfx_uart.o
    0x00032a4c   0x00032a4c   0x00000014   Code   RO         7336    i.nrf_gpio_cfg_output  nrfx_uarte.o
    0x00032a60   0x00032a60   0x00000022   Code   RO         6828    i.nrf_gpio_cfg_sense_set  nrfx_gpiote.o
    0x00032a82   0x00032a82   0x00000002   PAD
    0x00032a84   0x00032a84   0x00000028   Code   RO         6829    i.nrf_gpio_ports_read  nrfx_gpiote.o
    0x00032aac   0x00032aac   0x00000014   Code   RO         6830    i.nrf_gpiote_event_clear  nrfx_gpiote.o
    0x00032ac0   0x00032ac0   0x00000010   Code   RO         6831    i.nrf_gpiote_event_is_set  nrfx_gpiote.o
    0x00032ad0   0x00032ad0   0x0000005c   Code   RO         9500    i.nrf_log_backend_add  nrf_log_frontend.o
    0x00032b2c   0x00032b2c   0x00000002   Code   RO         9365    i.nrf_log_backend_rtt_flush  nrf_log_backend_rtt.o
    0x00032b2e   0x00032b2e   0x00000004   Code   RO         9366    i.nrf_log_backend_rtt_init  nrf_log_backend_rtt.o
    0x00032b32   0x00032b32   0x00000002   Code   RO         9367    i.nrf_log_backend_rtt_panic_set  nrf_log_backend_rtt.o
    0x00032b34   0x00032b34   0x00000018   Code   RO         9368    i.nrf_log_backend_rtt_put  nrf_log_backend_rtt.o
    0x00032b4c   0x00032b4c   0x000000c8   Code   RO         9424    i.nrf_log_backend_serial_put  nrf_log_backend_serial.o
    0x00032c14   0x00032c14   0x00000030   Code   RO         9502    i.nrf_log_color_id_get  nrf_log_frontend.o
    0x00032c44   0x00032c44   0x0000001c   Code   RO         9458    i.nrf_log_default_backends_init  nrf_log_default_backends.o
    0x00032c60   0x00032c60   0x00000238   Code   RO         9503    i.nrf_log_frontend_dequeue  nrf_log_frontend.o
    0x00032e98   0x00032e98   0x00000008   Code   RO         9505    i.nrf_log_frontend_std_0  nrf_log_frontend.o
    0x00032ea0   0x00032ea0   0x0000000e   Code   RO         9506    i.nrf_log_frontend_std_1  nrf_log_frontend.o
    0x00032eae   0x00032eae   0x00000010   Code   RO         9507    i.nrf_log_frontend_std_2  nrf_log_frontend.o
    0x00032ebe   0x00032ebe   0x00000012   Code   RO         9508    i.nrf_log_frontend_std_3  nrf_log_frontend.o
    0x00032ed0   0x00032ed0   0x000000b0   Code   RO         9681    i.nrf_log_hexdump_entry_process  nrf_log_str_formatter.o
    0x00032f80   0x00032f80   0x0000003c   Code   RO         9512    i.nrf_log_init      nrf_log_frontend.o
    0x00032fbc   0x00032fbc   0x00000014   Code   RO         9513    i.nrf_log_module_cnt_get  nrf_log_frontend.o
    0x00032fd0   0x00032fd0   0x0000001c   Code   RO         9516    i.nrf_log_module_name_get  nrf_log_frontend.o
    0x00032fec   0x00032fec   0x0000002c   Code   RO         9517    i.nrf_log_panic     nrf_log_frontend.o
    0x00033018   0x00033018   0x000000b6   Code   RO         9682    i.nrf_log_std_entry_process  nrf_log_str_formatter.o
    0x000330ce   0x000330ce   0x00000060   Code   RO         8762    i.nrf_memobj_alloc  nrf_memobj.o
    0x0003312e   0x0003312e   0x00000032   Code   RO         8763    i.nrf_memobj_free   nrf_memobj.o
    0x00033160   0x00033160   0x00000008   Code   RO         8764    i.nrf_memobj_get    nrf_memobj.o
    0x00033168   0x00033168   0x00000004   Code   RO         8765    i.nrf_memobj_pool_init  nrf_memobj.o
    0x0003316c   0x0003316c   0x0000001e   Code   RO         8766    i.nrf_memobj_put    nrf_memobj.o
    0x0003318a   0x0003318a   0x00000010   Code   RO         8767    i.nrf_memobj_read   nrf_memobj.o
    0x0003319a   0x0003319a   0x00000010   Code   RO         8768    i.nrf_memobj_write  nrf_memobj.o
    0x000331aa   0x000331aa   0x00000002   PAD
    0x000331ac   0x000331ac   0x00000030   Code   RO         7604    i.nrf_nvmc_page_erase  nrf_nvmc.o
    0x000331dc   0x000331dc   0x00000044   Code   RO         7608    i.nrf_nvmc_write_words  nrf_nvmc.o
    0x00033220   0x00033220   0x00000028   Code   RO         8827    i.nrf_pwr_mgmt_init  nrf_pwr_mgmt.o
    0x00033248   0x00033248   0x00000048   Code   RO         8828    i.nrf_pwr_mgmt_run  nrf_pwr_mgmt.o
    0x00033290   0x00033290   0x0000001c   Code   RO         8904    i.nrf_ringbuf_init  nrf_ringbuf.o
    0x000332ac   0x000332ac   0x0000000c   Code   RO         7488    i.nrf_rtc_event_clear  nrfx_rtc.o
    0x000332b8   0x000332b8   0x00000014   Code   RO        10109    i.nrf_sdh_ble_app_ram_start_get  nrf_sdh_ble.o
    0x000332cc   0x000332cc   0x00000100   Code   RO        10110    i.nrf_sdh_ble_default_cfg_set  nrf_sdh_ble.o
    0x000333cc   0x000333cc   0x00000130   Code   RO        10111    i.nrf_sdh_ble_enable  nrf_sdh_ble.o
    0x000334fc   0x000334fc   0x0000005c   Code   RO        10112    i.nrf_sdh_ble_evts_poll  nrf_sdh_ble.o
    0x00033558   0x00033558   0x00000050   Code   RO         9990    i.nrf_sdh_disable_request  nrf_sdh.o
    0x000335a8   0x000335a8   0x00000070   Code   RO         9991    i.nrf_sdh_enable_request  nrf_sdh.o
    0x00033618   0x00033618   0x00000024   Code   RO         9992    i.nrf_sdh_evts_poll  nrf_sdh.o
    0x0003363c   0x0003363c   0x0000000c   Code   RO         9993    i.nrf_sdh_is_enabled  nrf_sdh.o
    0x00033648   0x00033648   0x0000001c   Code   RO         9995    i.nrf_sdh_request_continue  nrf_sdh.o
    0x00033664   0x00033664   0x0000003c   Code   RO        10163    i.nrf_sdh_soc_evts_poll  nrf_sdh_soc.o
    0x000336a0   0x000336a0   0x0000000a   Code   RO         8962    i.nrf_section_iter_init  nrf_section_iter.o
    0x000336aa   0x000336aa   0x00000024   Code   RO         8963    i.nrf_section_iter_item_set  nrf_section_iter.o
    0x000336ce   0x000336ce   0x00000020   Code   RO         8964    i.nrf_section_iter_next  nrf_section_iter.o
    0x000336ee   0x000336ee   0x00000002   PAD
    0x000336f0   0x000336f0   0x00000038   Code   RO         8997    i.nrf_strerror_find  nrf_strerror.o
    0x00033728   0x00033728   0x00000014   Code   RO         8998    i.nrf_strerror_get  nrf_strerror.o
    0x0003373c   0x0003373c   0x0000000a   Code   RO         7148    i.nrf_uart_event_check  nrfx_uart.o
    0x00033746   0x00033746   0x0000000c   Code   RO         7149    i.nrf_uart_event_clear  nrfx_uart.o
    0x00033752   0x00033752   0x0000000c   Code   RO         7150    i.nrf_uart_int_enable_check  nrfx_uart.o
    0x0003375e   0x0003375e   0x0000000a   Code   RO         7337    i.nrf_uarte_event_check  nrfx_uarte.o
    0x00033768   0x00033768   0x0000000c   Code   RO         7338    i.nrf_uarte_event_clear  nrfx_uarte.o
    0x00033774   0x00033774   0x00000074   Code   RO         4617    i.nrfs_adv_init     nrfs_scan_adv.o
    0x000337e8   0x000337e8   0x00000074   Code   RO         4618    i.nrfs_adv_param_set  nrfs_scan_adv.o
    0x0003385c   0x0003385c   0x00000094   Code   RO         4619    i.nrfs_adv_start    nrfs_scan_adv.o
    0x000338f0   0x000338f0   0x0000000c   Code   RO         4620    i.nrfs_adv_state_update  nrfs_scan_adv.o
    0x000338fc   0x000338fc   0x00000094   Code   RO         4621    i.nrfs_adv_stop     nrfs_scan_adv.o
    0x00033990   0x00033990   0x00000050   Code   RO         4622    i.nrfs_adv_update_advDataAndScanRsp  nrfs_scan_adv.o
    0x000339e0   0x000339e0   0x000003a4   Code   RO         4712    i.nrfs_ble_evt_handler  nrfs_ble.o
    0x00033d84   0x00033d84   0x00000056   Code   RO         4713    i.nrfs_ble_stack_init  nrfs_ble.o
    0x00033dda   0x00033dda   0x00000002   PAD
    0x00033ddc   0x00033ddc   0x00000040   Code   RO         4714    i.nrfs_conn_param_update  nrfs_ble.o
    0x00033e1c   0x00033e1c   0x00000016   Code   RO         4893    i.nrfs_delay_ms     nrfs_timer.o
    0x00033e32   0x00033e32   0x00000002   PAD
    0x00033e34   0x00033e34   0x00000014   Code   RO         4715    i.nrfs_disconnect   nrfs_ble.o
    0x00033e48   0x00033e48   0x00000010   Code   RO         4524    i.nrfs_enter_critical  nrfs_common.o
    0x00033e58   0x00033e58   0x0000000c   Code   RO         4525    i.nrfs_exit_critical  nrfs_common.o
    0x00033e64   0x00033e64   0x00000150   Code   RO         5007    i.nrfs_flash_erase  nrfs_flash.o
    0x00033fb4   0x00033fb4   0x0000003c   Code   RO         5008    i.nrfs_flash_init   nrfs_flash.o
    0x00033ff0   0x00033ff0   0x00000020   Code   RO         5009    i.nrfs_flash_read   nrfs_flash.o
    0x00034010   0x00034010   0x000001c4   Code   RO         5010    i.nrfs_flash_write  nrfs_flash.o
    0x000341d4   0x000341d4   0x00000064   Code   RO         4716    i.nrfs_gap_params_init  nrfs_ble.o
    0x00034238   0x00034238   0x00000028   Code   RO         4717    i.nrfs_gatt_init    nrfs_ble.o
    0x00034260   0x00034260   0x00000018   Code   RO         4897    i.nrfs_get_old_timestamp  nrfs_timer.o
    0x00034278   0x00034278   0x00000014   Code   RO         4898    i.nrfs_get_timestamp  nrfs_timer.o
    0x0003428c   0x0003428c   0x0000008c   Code   RO         4719    i.nrfs_init_bt_mac_addr  nrfs_ble.o
    0x00034318   0x00034318   0x00000044   Code   RO         4899    i.nrfs_local_timer_start  nrfs_timer.o
    0x0003435c   0x0003435c   0x0000000a   Code   RO         4526    i.nrfs_log_hexdump  nrfs_common.o
    0x00034366   0x00034366   0x0000003e   Code   RO         4529    i.nrfs_log_init     nrfs_common.o
    0x000343a4   0x000343a4   0x00000060   Code   RO         4623    i.nrfs_scan_init    nrfs_scan_adv.o
    0x00034404   0x00034404   0x00000088   Code   RO         4720    i.nrfs_set_bt_mac_addr  nrfs_ble.o
    0x0003448c   0x0003448c   0x00000080   Code   RO         4721    i.nrfs_set_conn_param  nrfs_ble.o
    0x0003450c   0x0003450c   0x00000078   Code   RO         4722    i.nrfs_set_defConn_param  nrfs_ble.o
    0x00034584   0x00034584   0x00000020   Code   RO         4815    i.nrfs_svc_init     nrfs_svc.o
    0x000345a4   0x000345a4   0x000000dc   Code   RO         4816    i.nrfs_svc_send_data  nrfs_svc.o
    0x00034680   0x00034680   0x00000030   Code   RO         4530    i.nrfs_system_reset  nrfs_common.o
    0x000346b0   0x000346b0   0x00000002   Code   RO         5089    i.nrfs_test         nrfs_test.o
    0x000346b2   0x000346b2   0x00000002   PAD
    0x000346b4   0x000346b4   0x000000f8   Code   RO         4900    i.nrfs_timer_create  nrfs_timer.o
    0x000347ac   0x000347ac   0x000000e4   Code   RO         4902    i.nrfs_timer_start  nrfs_timer.o
    0x00034890   0x00034890   0x00000012   Code   RO         4903    i.nrfs_timer_stop   nrfs_timer.o
    0x000348a2   0x000348a2   0x00000002   PAD
    0x000348a4   0x000348a4   0x00000048   Code   RO         4856    i.nrfs_uart_init    nrfs_uart.o
    0x000348ec   0x000348ec   0x00000038   Code   RO         4857    i.nrfs_uart_send    nrfs_uart.o
    0x00034924   0x00034924   0x00000010   Code   RO         4904    i.nrfs_update_timestamp  nrfs_timer.o
    0x00034934   0x00034934   0x0000000c   Code   RO         4531    i.nrfs_wdt_feed     nrfs_common.o
    0x00034940   0x00034940   0x00000038   Code   RO         4532    i.nrfs_wdt_init     nrfs_common.o
    0x00034978   0x00034978   0x0000002c   Code   RO         6685    i.nrfx_clock_enable  nrfx_clock.o
    0x000349a4   0x000349a4   0x00000020   Code   RO         6688    i.nrfx_clock_init   nrfx_clock.o
    0x000349c4   0x000349c4   0x0000001c   Code   RO         6691    i.nrfx_clock_lfclk_stop  nrfx_clock.o
    0x000349e0   0x000349e0   0x00000010   Code   RO         4905    i.nrfx_coredep_delay_us  nrfs_timer.o
    0x000349f0   0x000349f0   0x00000010   Code   RO         8023    i.nrfx_coredep_delay_us  app_timer.o
    0x00034a00   0x00034a00   0x00000010   Code   RO         7339    i.nrfx_is_in_ram    nrfx_uarte.o
    0x00034a10   0x00034a10   0x0000003c   Code   RO         7090    i.nrfx_prs_acquire  nrfx_prs.o
    0x00034a4c   0x00034a4c   0x00000012   Code   RO         7091    i.nrfx_prs_release  nrfx_prs.o
    0x00034a5e   0x00034a5e   0x00000002   PAD
    0x00034a60   0x00034a60   0x00000018   Code   RO         7492    i.nrfx_rtc_enable   nrfx_rtc.o
    0x00034a78   0x00034a78   0x00000088   Code   RO         7493    i.nrfx_rtc_init     nrfx_rtc.o
    0x00034b00   0x00034b00   0x00000024   Code   RO         7498    i.nrfx_rtc_tick_enable  nrfx_rtc.o
    0x00034b24   0x00034b24   0x00000010   Code   RO         7151    i.nrfx_uart_0_irq_handler  nrfx_uart.o
    0x00034b34   0x00034b34   0x000000d0   Code   RO         7153    i.nrfx_uart_init    nrfx_uart.o
    0x00034c04   0x00034c04   0x000000ec   Code   RO         7154    i.nrfx_uart_rx      nrfx_uart.o
    0x00034cf0   0x00034cf0   0x000000a4   Code   RO         7159    i.nrfx_uart_tx      nrfx_uart.o
    0x00034d94   0x00034d94   0x00000020   Code   RO         7161    i.nrfx_uart_tx_in_progress  nrfx_uart.o
    0x00034db4   0x00034db4   0x000000b4   Code   RO         7162    i.nrfx_uart_uninit  nrfx_uart.o
    0x00034e68   0x00034e68   0x00000010   Code   RO         7340    i.nrfx_uarte_0_irq_handler  nrfx_uarte.o
    0x00034e78   0x00034e78   0x0000006c   Code   RO         7342    i.nrfx_uarte_init   nrfx_uarte.o
    0x00034ee4   0x00034ee4   0x00000104   Code   RO         7343    i.nrfx_uarte_rx     nrfx_uarte.o
    0x00034fe8   0x00034fe8   0x00000090   Code   RO         7346    i.nrfx_uarte_tx     nrfx_uarte.o
    0x00035078   0x00035078   0x0000001c   Code   RO         7348    i.nrfx_uarte_tx_in_progress  nrfx_uarte.o
    0x00035094   0x00035094   0x000000b0   Code   RO         7349    i.nrfx_uarte_uninit  nrfx_uarte.o
    0x00035144   0x00035144   0x00000040   Code   RO         7656    i.nrfx_wdt_channel_alloc  nrfx_wdt.o
    0x00035184   0x00035184   0x00000018   Code   RO         7657    i.nrfx_wdt_channel_feed  nrfx_wdt.o
    0x0003519c   0x0003519c   0x0000001c   Code   RO         7658    i.nrfx_wdt_enable   nrfx_wdt.o
    0x000351b8   0x000351b8   0x00000050   Code   RO         7660    i.nrfx_wdt_init     nrfx_wdt.o
    0x00035208   0x00035208   0x00000052   Code   RO         4016    i.num_str_concatenate  fpe_str.o
    0x0003525a   0x0003525a   0x00000002   PAD
    0x0003525c   0x0003525c   0x00000040   Code   RO         4017    i.num_str_copy_of_range  fpe_str.o
    0x0003529c   0x0003529c   0x0000001e   Code   RO         4018    i.num_str_to_num    fpe_str.o
    0x000352ba   0x000352ba   0x00000002   PAD
    0x000352bc   0x000352bc   0x0000003e   Code   RO         4019    i.num_to_num_str    fpe_str.o
    0x000352fa   0x000352fa   0x00000010   Code   RO         4817    i.nus_data_handler  nrfs_svc.o
    0x0003530a   0x0003530a   0x0000000a   Code   RO         4088    i.nv_erase          sf_nv.o
    0x00035314   0x00035314   0x0000009c   Code   RO         4089    i.nv_read           sf_nv.o
    0x000353b0   0x000353b0   0x000000a4   Code   RO         4090    i.nv_write          sf_nv.o
    0x00035454   0x00035454   0x0000006a   Code   RO         6284    i.on_connect        ble_nus.o
    0x000354be   0x000354be   0x00000002   PAD
    0x000354c0   0x000354c0   0x000000a8   Code   RO         6013    i.on_connected_evt  nrf_ble_gatt.o
    0x00035568   0x00035568   0x000000ac   Code   RO         6014    i.on_exchange_mtu_request_evt  nrf_ble_gatt.o
    0x00035614   0x00035614   0x00000084   Code   RO         6285    i.on_write          ble_nus.o
    0x00035698   0x00035698   0x000003c8   Code   RO          658    i.open_meth_creat_handler  lock_dp_parser.o
    0x00035a60   0x00035a60   0x00000164   Code   RO          659    i.open_meth_delete_handler  lock_dp_parser.o
    0x00035bc4   0x00035bc4   0x0000001a   Code   RO          660    i.open_meth_freeze_or_unfreeze_handler  lock_dp_parser.o
    0x00035bde   0x00035bde   0x00000002   PAD
    0x00035be0   0x00035be0   0x00000124   Code   RO          661    i.open_meth_modify_handler  lock_dp_parser.o
    0x00035d04   0x00035d04   0x00000174   Code   RO          662    i.open_meth_sync_handler  lock_dp_parser.o
    0x00035e78   0x00035e78   0x00000078   Code   RO          663    i.open_meth_sync_new_handler  lock_dp_parser.o
    0x00035ef0   0x00035ef0   0x00000118   Code   RO          664    i.open_with_master_handler  lock_dp_parser.o
    0x00036008   0x00036008   0x00000158   Code   RO          665    i.open_with_nopwd_remote_handler  lock_dp_parser.o
    0x00036160   0x00036160   0x00000084   Code   RO          666    i.open_with_nopwd_remote_setkey_handler  lock_dp_parser.o
    0x000361e4   0x000361e4   0x00000120   Code   RO          667    i.open_with_remote_setkey_handler  lock_dp_parser.o
    0x00036304   0x00036304   0x0000003c   Code   RO         9684    i.postfix_process   nrf_log_str_formatter.o
    0x00036340   0x00036340   0x00000098   Code   RO         9685    i.prefix_process    nrf_log_str_formatter.o
    0x000363d8   0x000363d8   0x00000084   Code   RO         3949    i.prf               fpe_cipher.o
    0x0003645c   0x0003645c   0x00000018   Code   RO         7092    i.prs_box_get       nrfx_prs.o
    0x00036474   0x00036474   0x0000004c   Code   RO         2758    i.prvHeapInit       tuya_ble_heap.o
    0x000364c0   0x000364c0   0x0000004c   Code   RO         2759    i.prvInsertBlockIntoFreeList  tuya_ble_heap.o
    0x0003650c   0x0003650c   0x00000098   Code   RO         2760    i.pvTuyaPortMalloc  tuya_ble_heap.o
    0x000365a4   0x000365a4   0x00000014   Code   RO         9162    i.queue_free        nrf_fstorage_sd.o
    0x000365b8   0x000365b8   0x0000009c   Code   RO         9163    i.queue_process     nrf_fstorage_sd.o
    0x00036654   0x00036654   0x00000024   Code   RO         9164    i.queue_start       nrf_fstorage_sd.o
    0x00036678   0x00036678   0x0000000e   Code   RO         9165    i.read              nrf_fstorage_sd.o
    0x00036686   0x00036686   0x0000000e   Code   RO         9271    i.read              nrf_fstorage_nvmc.o
    0x00036694   0x00036694   0x0000000a   Code   RO         4020    i.release_str       fpe_str.o
    0x0003669e   0x0003669e   0x00000006   Code   RO          896    i.reset_with_disconn2_outtime_cb  lock_timer.o
    0x000366a4   0x000366a4   0x00000004   Code   RO          897    i.reset_with_disconn2_outtime_cb_handler  lock_timer.o
    0x000366a8   0x000366a8   0x00000006   Code   RO          898    i.reset_with_disconn_outtime_cb  lock_timer.o
    0x000366ae   0x000366ae   0x00000010   Code   RO          899    i.reset_with_disconn_outtime_cb_handler  lock_timer.o
    0x000366be   0x000366be   0x00000004   Code   RO         9166    i.rmap              nrf_fstorage_sd.o
    0x000366c2   0x000366c2   0x00000004   Code   RO         9272    i.rmap              nrf_fstorage_nvmc.o
    0x000366c6   0x000366c6   0x00000002   PAD
    0x000366c8   0x000366c8   0x0000003c   Code   RO         8024    i.rtc1_stop         app_timer.o
    0x00036704   0x00036704   0x00000024   Code   RO         4906    i.rtc2_handler      nrfs_timer.o
    0x00036728   0x00036728   0x00000032   Code   RO         7163    i.rx_byte           nrfx_uart.o
    0x0003675a   0x0003675a   0x00000016   Code   RO         7164    i.rx_done_event     nrfx_uart.o
    0x00036770   0x00036770   0x00000016   Code   RO         7350    i.rx_done_event     nrfx_uarte.o
    0x00036786   0x00036786   0x00000020   Code   RO         7165    i.rx_enable         nrfx_uart.o
    0x000367a6   0x000367a6   0x00000002   PAD
    0x000367a8   0x000367a8   0x00000130   Code   RO         4627    i.scan_evt_handler  nrfs_scan_adv.o
    0x000368d8   0x000368d8   0x0000002c   Code   RO         4236    i.sd_free           sf_mem.o
    0x00036904   0x00036904   0x00000050   Code   RO         4237    i.sd_malloc         sf_mem.o
    0x00036954   0x00036954   0x00000018   Code   RO         4238    i.sd_mem_init       sf_mem.o
    0x0003696c   0x0003696c   0x00000054   Code   RO         6354    i.sd_state_evt_handler  nrf_drv_clock.o
    0x000369c0   0x000369c0   0x00000030   Code   RO         9998    i.sdh_request_observer_notify  nrf_sdh.o
    0x000369f0   0x000369f0   0x0000002c   Code   RO         9999    i.sdh_state_observer_notify  nrf_sdh.o
    0x00036a1c   0x00036a1c   0x00000010   Code   RO         5695    i.send_error_evt    ble_conn_params.o
    0x00036a2c   0x00036a2c   0x00000050   Code   RO         9369    i.serial_tx         nrf_log_backend_rtt.o
    0x00036a7c   0x00036a7c   0x00000140   Code   RO          668    i.set_master_srand_num_handler  lock_dp_parser.o
    0x00036bbc   0x00036bbc   0x00000030   Code   RO         5951    i.set_security_req  ble_srv_common.o
    0x00036bec   0x00036bec   0x000000c0   Code   RO        10260    i.settings_backup   nrf_dfu_settings.o
    0x00036cac   0x00036cac   0x0000000a   Code   RO        10261    i.settings_crc_get  nrf_dfu_settings.o
    0x00036cb6   0x00036cb6   0x00000002   PAD
    0x00036cb8   0x00036cb8   0x000000c0   Code   RO        10262    i.settings_write    nrf_dfu_settings.o
    0x00036d78   0x00036d78   0x0000000c   Code   RO         4170    i.sf_free           sf_port.o
    0x00036d84   0x00036d84   0x00000004   Code   RO         4173    i.sf_malloc         sf_port.o
    0x00036d88   0x00036d88   0x00000004   Code   RO         4174    i.sf_mem_init       sf_port.o
    0x00036d8c   0x00036d8c   0x00000020   Code   RO         4091    i.sf_next_unit_addr  sf_nv.o
    0x00036dac   0x00036dac   0x000000b0   Code   RO         4092    i.sf_nv_delete      sf_nv.o
    0x00036e5c   0x00036e5c   0x00000140   Code   RO         4093    i.sf_nv_init        sf_nv.o
    0x00036f9c   0x00036f9c   0x000000d0   Code   RO         4094    i.sf_nv_read        sf_nv.o
    0x0003706c   0x0003706c   0x000002e0   Code   RO         4096    i.sf_nv_write       sf_nv.o
    0x0003734c   0x0003734c   0x0000000c   Code   RO         4175    i.sf_port_flash_erase  sf_port.o
    0x00037358   0x00037358   0x0000000a   Code   RO         4176    i.sf_port_flash_read  sf_port.o
    0x00037362   0x00037362   0x0000000c   Code   RO         4177    i.sf_port_flash_write  sf_port.o
    0x0003736e   0x0003736e   0x00000002   PAD
    0x00037370   0x00037370   0x00000018   Code   RO         6355    i.soc_evt_handler   nrf_drv_clock.o
    0x00037388   0x00037388   0x00000038   Code   RO        10000    i.softdevice_evt_irq_disable  nrf_sdh.o
    0x000373c0   0x000373c0   0x00000058   Code   RO        10001    i.softdevices_evt_irq_enable  nrf_sdh.o
    0x00037418   0x00037418   0x00000018   Code   RO         3437    i.source_to_decimal  cpt_math.o
    0x00037430   0x00037430   0x00000020   Code   RO         3438    i.source_to_object  cpt_math.o
    0x00037450   0x00037450   0x0000006e   Code   RO        11327    i.sqrt              m_wm.l(sqrt.o)
    0x000374be   0x000374be   0x00000002   PAD
    0x000374c0   0x000374c0   0x0000008c   Code   RO         9519    i.std_n             nrf_log_frontend.o
    0x0003754c   0x0003754c   0x00000022   Code   RO         3034    i.sys_settings_crc_ok  tuya_ble_storage.o
    0x0003756e   0x0003756e   0x00000002   PAD
    0x00037570   0x00037570   0x000000b0   Code   RO          669    i.temp_pw_creat_handler  lock_dp_parser.o
    0x00037620   0x00037620   0x000000a4   Code   RO          670    i.temp_pw_delete_handler  lock_dp_parser.o
    0x000376c4   0x000376c4   0x000000a4   Code   RO          671    i.temp_pw_modify_handler  lock_dp_parser.o
    0x00037768   0x00037768   0x00000080   Code   RO         8025    i.timer_list_handler  app_timer.o
    0x000377e8   0x000377e8   0x0000003c   Code   RO         8026    i.timer_list_insert  app_timer.o
    0x00037824   0x00037824   0x00000060   Code   RO         8027    i.timer_list_remove  app_timer.o
    0x00037884   0x00037884   0x00000048   Code   RO         8028    i.timer_stop_op_schedule  app_timer.o
    0x000378cc   0x000378cc   0x00000074   Code   RO         8029    i.timer_timeouts_check  app_timer.o
    0x00037940   0x00037940   0x00000032   Code   RO         4021    i.to_byte_str       fpe_str.o
    0x00037972   0x00037972   0x00000002   PAD
    0x00037974   0x00037974   0x00000050   Code   RO         4022    i.to_byte_str_with_bignum  fpe_str.o
    0x000379c4   0x000379c4   0x00000006   Code   RO         3298    i.trsmitr_init      tuya_ble_mutli_tsf_protocol.o
    0x000379ca   0x000379ca   0x00000106   Code   RO         3299    i.trsmitr_recv_pkg_decode  tuya_ble_mutli_tsf_protocol.o
    0x00037ad0   0x00037ad0   0x000000ec   Code   RO         3300    i.trsmitr_send_pkg_encode  tuya_ble_mutli_tsf_protocol.o
    0x00037bbc   0x00037bbc   0x00000066   Code   RO        10466    i.tuya_ble_Add_Pkcs  tuya_ble_sdk_nRF52832.lib(tuya_ble_cryption_api.o)
    0x00037c22   0x00037c22   0x00000002   PAD
    0x00037c24   0x00037c24   0x00000120   Code   RO         2822    i.tuya_ble_adv_change  tuya_ble_main.o
    0x00037d44   0x00037d44   0x00000048   Code   RO         2010    i.tuya_ble_aes128_cbc_decrypt  tuya_ble_port_nrf52832.o
    0x00037d8c   0x00037d8c   0x00000048   Code   RO         2011    i.tuya_ble_aes128_cbc_encrypt  tuya_ble_port_nrf52832.o
    0x00037dd4   0x00037dd4   0x0000004a   Code   RO         2013    i.tuya_ble_aes128_ecb_encrypt  tuya_ble_port_nrf52832.o
    0x00037e1e   0x00037e1e   0x00000004   Code   RO         2014    i.tuya_ble_app_production_test_process  tuya_ble_port_nrf52832.o
    0x00037e22   0x00037e22   0x00000002   PAD
    0x00037e24   0x00037e24   0x00000030   Code   RO         2250    i.tuya_ble_callback_queue_register  tuya_ble_api.o
    0x00037e54   0x00037e54   0x0000002c   Code   RO         2823    i.tuya_ble_cb_event_send  tuya_ble_main.o
    0x00037e80   0x00037e80   0x000001b0   Code   RO         3154    i.tuya_ble_commData_send  tuya_ble_data_handler.o
    0x00038030   0x00038030   0x00000134   Code   RO         3155    i.tuya_ble_commonData_rx_proc  tuya_ble_data_handler.o
    0x00038164   0x00038164   0x00000002   Code   RO         2251    i.tuya_ble_connect_monitor_timer_start  tuya_ble_api.o
    0x00038166   0x00038166   0x00000002   Code   RO         2252    i.tuya_ble_connect_monitor_timer_stop  tuya_ble_api.o
    0x00038168   0x00038168   0x0000000c   Code   RO         2824    i.tuya_ble_connect_status_get  tuya_ble_main.o
    0x00038174   0x00038174   0x00000018   Code   RO         2825    i.tuya_ble_connect_status_set  tuya_ble_main.o
    0x0003818c   0x0003818c   0x0000001a   Code   RO         2253    i.tuya_ble_connected_handler  tuya_ble_api.o
    0x000381a6   0x000381a6   0x00000002   PAD
    0x000381a8   0x000381a8   0x00000040   Code   RO         2606    i.tuya_ble_crc16_compute  tuya_ble_utils.o
    0x000381e8   0x000381e8   0x0000003c   Code   RO         2607    i.tuya_ble_crc32_compute  tuya_ble_utils.o
    0x00038224   0x00038224   0x00000034   Code   RO         2826    i.tuya_ble_custom_event_send  tuya_ble_main.o
    0x00038258   0x00038258   0x000000a8   Code   RO        10467    i.tuya_ble_decryption  tuya_ble_sdk_nRF52832.lib(tuya_ble_cryption_api.o)
    0x00038300   0x00038300   0x00000004   Code   RO         2015    i.tuya_ble_device_delay_ms  tuya_ble_port_nrf52832.o
    0x00038304   0x00038304   0x00000004   Code   RO         2017    i.tuya_ble_device_enter_critical  tuya_ble_port_nrf52832.o
    0x00038308   0x00038308   0x00000004   Code   RO         2018    i.tuya_ble_device_exit_critical  tuya_ble_port_nrf52832.o
    0x0003830c   0x0003830c   0x0000001a   Code   RO         2255    i.tuya_ble_device_factory_reset  tuya_ble_api.o
    0x00038326   0x00038326   0x00000002   PAD
    0x00038328   0x00038328   0x0000009c   Code   RO        10468    i.tuya_ble_device_id_encrypt  tuya_ble_sdk_nRF52832.lib(tuya_ble_cryption_api.o)
    0x000383c4   0x000383c4   0x00000048   Code   RO        10469    i.tuya_ble_device_id_key_generate  tuya_ble_sdk_nRF52832.lib(tuya_ble_cryption_api.o)
    0x0003840c   0x0003840c   0x0000000a   Code   RO         2019    i.tuya_ble_device_reset  tuya_ble_port_nrf52832.o
    0x00038416   0x00038416   0x00000002   PAD
    0x00038418   0x00038418   0x0000002c   Code   RO         3156    i.tuya_ble_device_unbond  tuya_ble_data_handler.o
    0x00038444   0x00038444   0x0000001a   Code   RO         2259    i.tuya_ble_disconnected_handler  tuya_ble_api.o
    0x0003845e   0x0003845e   0x00000072   Code   RO         2260    i.tuya_ble_dp_data_report  tuya_ble_api.o
    0x000384d0   0x000384d0   0x00000076   Code   RO         2261    i.tuya_ble_dp_data_with_time_report  tuya_ble_api.o
    0x00038546   0x00038546   0x00000052   Code   RO        10470    i.tuya_ble_encrypt_old_with_key  tuya_ble_sdk_nRF52832.lib(tuya_ble_cryption_api.o)
    0x00038598   0x00038598   0x000000b0   Code   RO        10471    i.tuya_ble_encryption  tuya_ble_sdk_nRF52832.lib(tuya_ble_cryption_api.o)
    0x00038648   0x00038648   0x00000020   Code   RO         2827    i.tuya_ble_event_init  tuya_ble_main.o
    0x00038668   0x00038668   0x00000110   Code   RO         2828    i.tuya_ble_event_process  tuya_ble_main.o
    0x00038778   0x00038778   0x00000010   Code   RO         2977    i.tuya_ble_event_queue_init  tuya_ble_event.o
    0x00038788   0x00038788   0x00000020   Code   RO         2829    i.tuya_ble_event_send  tuya_ble_main.o
    0x000387a8   0x000387a8   0x000001a6   Code   RO         3157    i.tuya_ble_evt_process  tuya_ble_data_handler.o
    0x0003894e   0x0003894e   0x0000000e   Code   RO         2945    i.tuya_ble_free     tuya_ble_mem.o
    0x0003895c   0x0003895c   0x00000024   Code   RO         2021    i.tuya_ble_gap_advertising_adv_data_update  tuya_ble_port_nrf52832.o
    0x00038980   0x00038980   0x00000024   Code   RO         2022    i.tuya_ble_gap_advertising_scan_rsp_data_update  tuya_ble_port_nrf52832.o
    0x000389a4   0x000389a4   0x00000014   Code   RO         2023    i.tuya_ble_gap_disconnect  tuya_ble_port_nrf52832.o
    0x000389b8   0x000389b8   0x0000002e   Code   RO         2262    i.tuya_ble_gatt_receive_data  tuya_ble_api.o
    0x000389e6   0x000389e6   0x00000020   Code   RO         2024    i.tuya_ble_gatt_send_data  tuya_ble_port_nrf52832.o
    0x00038a06   0x00038a06   0x00000002   PAD
    0x00038a08   0x00038a08   0x00000048   Code   RO        10472    i.tuya_ble_generate_key1  tuya_ble_sdk_nRF52832.lib(tuya_ble_cryption_api.o)
    0x00038a50   0x00038a50   0x00000098   Code   RO         3158    i.tuya_ble_handle_ble_factory_test_req  tuya_ble_data_handler.o
    0x00038ae8   0x00038ae8   0x00000064   Code   RO         2830    i.tuya_ble_handle_connect_change_evt  tuya_ble_main.o
    0x00038b4c   0x00038b4c   0x000000e0   Code   RO         3159    i.tuya_ble_handle_dev_infor_req  tuya_ble_data_handler.o
    0x00038c2c   0x00038c2c   0x00000034   Code   RO         2831    i.tuya_ble_handle_device_info_update_evt  tuya_ble_main.o
    0x00038c60   0x00038c60   0x0000006c   Code   RO         3160    i.tuya_ble_handle_device_reset_req  tuya_ble_data_handler.o
    0x00038ccc   0x00038ccc   0x00000074   Code   RO         2832    i.tuya_ble_handle_dp_data_with_time_reported_evt  tuya_ble_main.o
    0x00038d40   0x00038d40   0x0000006e   Code   RO         3161    i.tuya_ble_handle_dp_query_req  tuya_ble_data_handler.o
    0x00038dae   0x00038dae   0x000000a2   Code   RO         3162    i.tuya_ble_handle_dp_write_req  tuya_ble_data_handler.o
    0x00038e50   0x00038e50   0x00000084   Code   RO         3163    i.tuya_ble_handle_net_config_info_req  tuya_ble_data_handler.o
    0x00038ed4   0x00038ed4   0x00000070   Code   RO         3164    i.tuya_ble_handle_ota_req  tuya_ble_data_handler.o
    0x00038f44   0x00038f44   0x00000050   Code   RO         2833    i.tuya_ble_handle_ota_response_evt  tuya_ble_main.o
    0x00038f94   0x00038f94   0x000000f0   Code   RO         3165    i.tuya_ble_handle_pair_req  tuya_ble_data_handler.o
    0x00039084   0x00039084   0x0000007a   Code   RO         2834    i.tuya_ble_handle_uart_cmd_evt  tuya_ble_main.o
    0x000390fe   0x000390fe   0x00000002   PAD
    0x00039100   0x00039100   0x00000068   Code   RO         3166    i.tuya_ble_handle_unix_time_char_ms_resp  tuya_ble_data_handler.o
    0x00039168   0x00039168   0x00000040   Code   RO         2613    i.tuya_ble_hextoascii  tuya_ble_utils.o
    0x000391a8   0x000391a8   0x00000028   Code   RO         2835    i.tuya_ble_inter_event_response  tuya_ble_main.o
    0x000391d0   0x000391d0   0x0000000c   Code   RO         2614    i.tuya_ble_is_word_aligned_tuya  tuya_ble_utils.o
    0x000391dc   0x000391dc   0x000001d0   Code   RO        10473    i.tuya_ble_key_generate  tuya_ble_sdk_nRF52832.lib(tuya_ble_cryption_api.o)
    0x000393ac   0x000393ac   0x0000001c   Code   RO         3167    i.tuya_ble_lock_test_rsp  tuya_ble_data_handler.o
    0x000393c8   0x000393c8   0x00000004   Code   RO         2836    i.tuya_ble_main_tasks_exec  tuya_ble_main.o
    0x000393cc   0x000393cc   0x00000016   Code   RO         2947    i.tuya_ble_malloc   tuya_ble_mem.o
    0x000393e2   0x000393e2   0x00000034   Code   RO         2025    i.tuya_ble_md5_crypt  tuya_ble_port_nrf52832.o
    0x00039416   0x00039416   0x00000002   PAD
    0x00039418   0x00039418   0x0000000c   Code   RO         2978    i.tuya_ble_message_send  tuya_ble_event.o
    0x00039424   0x00039424   0x0000001a   Code   RO         2026    i.tuya_ble_nv_erase  tuya_ble_port_nrf52832.o
    0x0003943e   0x0003943e   0x00000004   Code   RO         2027    i.tuya_ble_nv_init  tuya_ble_port_nrf52832.o
    0x00039442   0x00039442   0x0000000e   Code   RO         2028    i.tuya_ble_nv_read  tuya_ble_port_nrf52832.o
    0x00039450   0x00039450   0x00000010   Code   RO         2029    i.tuya_ble_nv_write  tuya_ble_port_nrf52832.o
    0x00039460   0x00039460   0x0000005a   Code   RO         2264    i.tuya_ble_ota_response  tuya_ble_api.o
    0x000394ba   0x000394ba   0x00000002   PAD
    0x000394bc   0x000394bc   0x00000020   Code   RO         3170    i.tuya_ble_pair_rand_clear  tuya_ble_data_handler.o
    0x000394dc   0x000394dc   0x0000000c   Code   RO         3171    i.tuya_ble_pair_rand_valid_get  tuya_ble_data_handler.o
    0x000394e8   0x000394e8   0x00000034   Code   RO         2030    i.tuya_ble_rand_generator  tuya_ble_port_nrf52832.o
    0x0003951c   0x0003951c   0x0000001c   Code   RO         3172    i.tuya_ble_reset_ble_sn  tuya_ble_data_handler.o
    0x00039538   0x00039538   0x00000060   Code   RO         2979    i.tuya_ble_sched_event_put  tuya_ble_event.o
    0x00039598   0x00039598   0x00000028   Code   RO         2980    i.tuya_ble_sched_init  tuya_ble_event.o
    0x000395c0   0x000395c0   0x00000070   Code   RO         2265    i.tuya_ble_sdk_init  tuya_ble_api.o
    0x00039630   0x00039630   0x0000000c   Code   RO         3173    i.tuya_ble_set_device_version  tuya_ble_data_handler.o
    0x0003963c   0x0003963c   0x0000004c   Code   RO         3035    i.tuya_ble_storage_init  tuya_ble_storage.o
    0x00039688   0x00039688   0x000000c8   Code   RO         3036    i.tuya_ble_storage_load_settings  tuya_ble_storage.o
    0x00039750   0x00039750   0x00000064   Code   RO         3038    i.tuya_ble_storage_save_auth_settings  tuya_ble_storage.o
    0x000397b4   0x000397b4   0x00000064   Code   RO         3039    i.tuya_ble_storage_save_sys_settings  tuya_ble_storage.o
    0x00039818   0x00039818   0x00000010   Code   RO         2033    i.tuya_ble_timer_create  tuya_ble_port_nrf52832.o
    0x00039828   0x00039828   0x0000000e   Code   RO         2035    i.tuya_ble_timer_start  tuya_ble_port_nrf52832.o
    0x00039836   0x00039836   0x0000000e   Code   RO         2036    i.tuya_ble_timer_stop  tuya_ble_port_nrf52832.o
    0x00039844   0x00039844   0x00000002   Code   RO         3406    i.tuya_ble_uart_common_process  tuya_ble_app_uart_common_handler.o
    0x00039846   0x00039846   0x00000002   PAD
    0x00039848   0x00039848   0x00000110   Code   RO         2266    i.tuya_ble_uart_data_unpack  tuya_ble_api.o
    0x00039958   0x00039958   0x00000004   Code   RO         2037    i.tuya_ble_uart_init  tuya_ble_port_nrf52832.o
    0x0003995c   0x0003995c   0x00000090   Code   RO         2267    i.tuya_ble_uart_receive_data  tuya_ble_api.o
    0x000399ec   0x000399ec   0x0000000e   Code   RO         2038    i.tuya_ble_uart_send_data  tuya_ble_port_nrf52832.o
    0x000399fa   0x000399fa   0x00000002   PAD
    0x000399fc   0x000399fc   0x00000090   Code   RO         3113    i.tuya_ble_utc_sec_2_mytime  tuya_ble_unix_time.o
    0x00039a8c   0x00039a8c   0x00000044   Code   RO         2982    i.tuya_sched_execute  tuya_ble_event.o
    0x00039ad0   0x00039ad0   0x00000020   Code   RO         7166    i.tx_byte           nrfx_uart.o
    0x00039af0   0x00039af0   0x0000001a   Code   RO         7167    i.tx_done_event     nrfx_uart.o
    0x00039b0a   0x00039b0a   0x00000032   Code   RO         3512    i.ty_string_op_hex2hexstr  cpt_string_op.o
    0x00039b3c   0x00039b3c   0x00000098   Code   RO         3513    i.ty_string_op_hex2int  cpt_string_op.o
    0x00039bd4   0x00039bd4   0x00000038   Code   RO         3514    i.ty_string_op_hexstr2hex  cpt_string_op.o
    0x00039c0c   0x00039c0c   0x0000005c   Code   RO         3516    i.ty_string_op_int2hex  cpt_string_op.o
    0x00039c68   0x00039c68   0x00000036   Code   RO         3517    i.ty_string_op_intstr2int  cpt_string_op.o
    0x00039c9e   0x00039c9e   0x00000002   PAD
    0x00039ca0   0x00039ca0   0x000000a0   Code   RO         4858    i.uart_event_handle  nrfs_uart.o
    0x00039d40   0x00039d40   0x000000a0   Code   RO         8182    i.uart_event_handler  app_uart_fifo.o
    0x00039de0   0x00039de0   0x00000030   Code   RO         6487    i.uart_evt_handler  nrf_drv_uart.o
    0x00039e10   0x00039e10   0x00000128   Code   RO         7168    i.uart_irq_handler  nrfx_uart.o
    0x00039f38   0x00039f38   0x00000030   Code   RO         6488    i.uarte_evt_handler  nrf_drv_uart.o
    0x00039f68   0x00039f68   0x000000f2   Code   RO         7351    i.uarte_irq_handler  nrfx_uarte.o
    0x0003a05a   0x0003a05a   0x00000002   PAD
    0x0003a05c   0x0003a05c   0x00000020   Code   RO         9167    i.uninit            nrf_fstorage_sd.o
    0x0003a07c   0x0003a07c   0x00000010   Code   RO         9273    i.uninit            nrf_fstorage_nvmc.o
    0x0003a08c   0x0003a08c   0x000000b4   Code   RO         8724    i.unsigned_print    nrf_fprintf_format.o
    0x0003a140   0x0003a140   0x0000002e   Code   RO         4097    i.update_area_header  sf_nv.o
    0x0003a16e   0x0003a16e   0x0000001a   Code   RO          672    i.user_freeze_or_unfreeze_handler  lock_dp_parser.o
    0x0003a188   0x0003a188   0x00000030   Code   RO         8030    i.user_op_alloc     app_timer.o
    0x0003a1b8   0x0003a1b8   0x00000040   Code   RO         2761    i.vTuyaPortFree     tuya_ble_heap.o
    0x0003a1f8   0x0003a1f8   0x000001a8   Code   RO         1034    i.verify_dynamic_pwd_token  lock_dynamic_pwd.o
    0x0003a3a0   0x0003a3a0   0x00000070   Code   RO         4533    i.wdt_event_handler  nrfs_common.o
    0x0003a410   0x0003a410   0x00000004   Code   RO         9168    i.wmap              nrf_fstorage_sd.o
    0x0003a414   0x0003a414   0x00000004   Code   RO         9274    i.wmap              nrf_fstorage_nvmc.o
    0x0003a418   0x0003a418   0x00000050   Code   RO         9169    i.write             nrf_fstorage_sd.o
    0x0003a468   0x0003a468   0x00000044   Code   RO         9275    i.write             nrf_fstorage_nvmc.o
    0x0003a4ac   0x0003a4ac   0x0000005a   Data   RO           10    .constdata          lock_common.o
    0x0003a506   0x0003a506   0x00000018   Data   RO          580    .constdata          lock_hard.o
    0x0003a51e   0x0003a51e   0x00000159   Data   RO          674    .constdata          lock_dp_parser.o
    0x0003a677   0x0003a677   0x00000018   Data   RO          784    .constdata          lock_dp_report.o
    0x0003a68f   0x0003a68f   0x00000049   Data   RO          901    .constdata          lock_timer.o
    0x0003a6d8   0x0003a6d8   0x0000002a   Data   RO         1035    .constdata          lock_dynamic_pwd.o
    0x0003a702   0x0003a702   0x00000096   Data   RO         1079    .constdata          lock_offline_pwd.o
    0x0003a798   0x0003a798   0x0000003b   Data   RO         1157    .constdata          lock_test.o
    0x0003a7d3   0x0003a7d3   0x00000021   Data   RO         1198    .constdata          app_common.o
    0x0003a7f4   0x0003a7f4   0x0000000e   Data   RO         1288    .constdata          app_flash.o
    0x0003a802   0x0003a802   0x00000083   Data   RO         1513    .constdata          app_ota.o
    0x0003a885   0x0003a885   0x00000061   Data   RO         1595    .constdata          app_active_report.o
    0x0003a8e6   0x0003a8e6   0x00000014   Data   RO         1646    .constdata          app_test.o
    0x0003a8fa   0x0003a8fa   0x00000049   Data   RO         1754    .constdata          app_port.o
    0x0003a943   0x0003a943   0x00000001   PAD
    0x0003a944   0x0003a944   0x00000004   Data   RO         2623    .constdata          tuya_ble_utils.o
    0x0003a948   0x0003a948   0x0000003a   Data   RO         2838    .constdata          tuya_ble_main.o
    0x0003a982   0x0003a982   0x00000032   Data   RO         3044    .constdata          tuya_ble_storage.o
    0x0003a9b4   0x0003a9b4   0x0000000c   Data   RO         3115    .constdata          tuya_ble_unix_time.o
    0x0003a9c0   0x0003a9c0   0x00000004   Data   RO         3439    .constdata          cpt_math.o
    0x0003a9c4   0x0003a9c4   0x00000010   Data   RO         3643    .constdata          sha1.o
    0x0003a9d4   0x0003a9d4   0x00002228   Data   RO         3692    .constdata          aes.o
    0x0003cbfc   0x0003cbfc   0x00000008   Data   RO         3950    .constdata          fpe_cipher.o
    0x0003cc04   0x0003cc04   0x00000010   Data   RO         4023    .constdata          fpe_str.o
    0x0003cc14   0x0003cc14   0x00000033   Data   RO         4099    .constdata          sf_nv.o
    0x0003cc47   0x0003cc47   0x0000008c   Data   RO         4293    .constdata          elog.o
    0x0003ccd3   0x0003ccd3   0x00000023   Data   RO         4419    .constdata          elog_utils.o
    0x0003ccf6   0x0003ccf6   0x00000002   PAD
    0x0003ccf8   0x0003ccf8   0x0000002c   Data   RO         4534    .constdata          nrfs_common.o
    0x0003cd24   0x0003cd24   0x0000002e   Data   RO         4629    .constdata          nrfs_scan_adv.o
    0x0003cd52   0x0003cd52   0x00000026   Data   RO         4724    .constdata          nrfs_ble.o
    0x0003cd78   0x0003cd78   0x00000013   Data   RO         4818    .constdata          nrfs_svc.o
    0x0003cd8b   0x0003cd8b   0x00000001   PAD
    0x0003cd8c   0x0003cd8c   0x0000002c   Data   RO         4860    .constdata          nrfs_uart.o
    0x0003cdb8   0x0003cdb8   0x00000008   PAD
    0x0003cdc0   0x0003cdc0   0x0000004d   Data   RO         4908    .constdata          nrfs_timer.o
    0x0003ce0d   0x0003ce0d   0x00000003   PAD
    0x0003ce10   0x0003ce10   0x0000003d   Data   RO         5012    .constdata          nrfs_flash.o
    0x0003ce4d   0x0003ce4d   0x00000003   PAD
    0x0003ce50   0x0003ce50   0x00000016   Data   RO         6015    .constdata          nrf_ble_gatt.o
    0x0003ce66   0x0003ce66   0x00000002   PAD
    0x0003ce68   0x0003ce68   0x00000010   Data   RO         6286    .constdata          ble_nus.o
    0x0003ce78   0x0003ce78   0x00000004   Data   RO         6860    .constdata          nrfx_gpiote.o
    0x0003ce7c   0x0003ce7c   0x00000004   Data   RO         7171    .constdata          nrfx_uart.o
    0x0003ce80   0x0003ce80   0x00000004   Data   RO         7354    .constdata          nrfx_uarte.o
    0x0003ce84   0x0003ce84   0x0000000c   PAD
    0x0003ce90   0x0003ce90   0x00000006   Data   RO         8032    .constdata          app_timer.o
    0x0003ce96   0x0003ce96   0x00000002   PAD
    0x0003ce98   0x0003ce98   0x00000020   Data   RO         8184    .constdata          app_uart_fifo.o
    0x0003ceb8   0x0003ceb8   0x00000010   Data   RO         8725    .constdata          nrf_fprintf_format.o
    0x0003cec8   0x0003cec8   0x00000018   Data   RO         8832    .constdata          nrf_pwr_mgmt.o
    0x0003cee0   0x0003cee0   0x0000000c   Data   RO         8833    .constdata          nrf_pwr_mgmt.o
    0x0003ceec   0x0003ceec   0x0000013c   Data   RO         8999    .constdata          nrf_strerror.o
    0x0003d028   0x0003d028   0x0000005e   Data   RO         9078    .constdata          nrf_fstorage.o
    0x0003d086   0x0003d086   0x00000002   PAD
    0x0003d088   0x0003d088   0x00000010   Data   RO         9172    .constdata          nrf_fstorage_sd.o
    0x0003d098   0x0003d098   0x00000020   Data   RO         9173    .constdata          nrf_fstorage_sd.o
    0x0003d0b8   0x0003d0b8   0x0000000c   Data   RO         9276    .constdata          nrf_fstorage_nvmc.o
    0x0003d0c4   0x0003d0c4   0x00000020   Data   RO         9277    .constdata          nrf_fstorage_nvmc.o
    0x0003d0e4   0x0003d0e4   0x0000000c   Data   RO         9371    .constdata          nrf_log_backend_rtt.o
    0x0003d0f0   0x0003d0f0   0x00000006   Data   RO         9372    .constdata          nrf_log_backend_rtt.o
    0x0003d0f6   0x0003d0f6   0x00000002   PAD
    0x0003d0f8   0x0003d0f8   0x0000000c   Data   RO         9524    .constdata          nrf_log_frontend.o
    0x0003d104   0x0003d104   0x00000010   Data   RO        10002    .constdata          nrf_sdh.o
    0x0003d114   0x0003d114   0x00000028   Data   RO        10003    .constdata          nrf_sdh.o
    0x0003d13c   0x0003d13c   0x00000010   Data   RO        10004    .constdata          nrf_sdh.o
    0x0003d14c   0x0003d14c   0x00000010   Data   RO        10005    .constdata          nrf_sdh.o
    0x0003d15c   0x0003d15c   0x00000020   Data   RO        10113    .constdata          nrf_sdh_ble.o
    0x0003d17c   0x0003d17c   0x00000010   Data   RO        10114    .constdata          nrf_sdh_ble.o
    0x0003d18c   0x0003d18c   0x00000010   Data   RO        10164    .constdata          nrf_sdh_soc.o
    0x0003d19c   0x0003d19c   0x0000000c   Data   RO        10165    .constdata          nrf_sdh_soc.o
    0x0003d1a8   0x0003d1a8   0x00000045   Data   RO        10476    .constdata          tuya_ble_sdk_nRF52832.lib(tuya_ble_cryption_api.o)
    0x0003d1ed   0x0003d1ed   0x00000003   PAD
    0x0003d1f0   0x0003d1f0   0x00000088   Data   RO        10958    .constdata          m_wm.l(pow.o)
    0x0003d278   0x0003d278   0x00000081   Data   RO        10977    .constdata          mc_w.l(ctype_o.o)
    0x0003d2f9   0x0003d2f9   0x00000003   PAD
    0x0003d2fc   0x0003d2fc   0x00000004   Data   RO        10978    .constdata          mc_w.l(ctype_o.o)
    0x0003d300   0x0003d300   0x00000008   Data   RO        11324    .constdata          m_wm.l(qnan.o)
    0x0003d308   0x0003d308   0x00000046   Data   RO           11    .conststring        lock_common.o
    0x0003d34e   0x0003d34e   0x00000002   PAD
    0x0003d350   0x0003d350   0x00000044   Data   RO          581    .conststring        lock_hard.o
    0x0003d394   0x0003d394   0x0000008d   Data   RO          675    .conststring        lock_dp_parser.o
    0x0003d421   0x0003d421   0x00000003   PAD
    0x0003d424   0x0003d424   0x00000049   Data   RO          785    .conststring        lock_dp_report.o
    0x0003d46d   0x0003d46d   0x00000003   PAD
    0x0003d470   0x0003d470   0x00000045   Data   RO          902    .conststring        lock_timer.o
    0x0003d4b5   0x0003d4b5   0x00000003   PAD
    0x0003d4b8   0x0003d4b8   0x0000004b   Data   RO         1036    .conststring        lock_dynamic_pwd.o
    0x0003d503   0x0003d503   0x00000001   PAD
    0x0003d504   0x0003d504   0x0000004b   Data   RO         1080    .conststring        lock_offline_pwd.o
    0x0003d54f   0x0003d54f   0x00000001   PAD
    0x0003d550   0x0003d550   0x00000044   Data   RO         1158    .conststring        lock_test.o
    0x0003d594   0x0003d594   0x00000047   Data   RO         1199    .conststring        app_common.o
    0x0003d5db   0x0003d5db   0x00000001   PAD
    0x0003d5dc   0x0003d5dc   0x00000046   Data   RO         1289    .conststring        app_flash.o
    0x0003d622   0x0003d622   0x00000002   PAD
    0x0003d624   0x0003d624   0x00000044   Data   RO         1514    .conststring        app_ota.o
    0x0003d668   0x0003d668   0x0000004e   Data   RO         1596    .conststring        app_active_report.o
    0x0003d6b6   0x0003d6b6   0x00000002   PAD
    0x0003d6b8   0x0003d6b8   0x00000045   Data   RO         1647    .conststring        app_test.o
    0x0003d6fd   0x0003d6fd   0x00000003   PAD
    0x0003d700   0x0003d700   0x00000045   Data   RO         1755    .conststring        app_port.o
    0x0003d745   0x0003d745   0x00000003   PAD
    0x0003d748   0x0003d748   0x00000043   Data   RO         4100    .conststring        sf_nv.o
    0x0003d78b   0x0003d78b   0x00000001   PAD
    0x0003d78c   0x0003d78c   0x0000005d   Data   RO         4294    .conststring        elog.o
    0x0003d7e9   0x0003d7e9   0x00000003   PAD
    0x0003d7ec   0x0003d7ec   0x0000004b   Data   RO         4420    .conststring        elog_utils.o
    0x0003d837   0x0003d837   0x00000001   PAD
    0x0003d838   0x0003d838   0x0000004c   Data   RO         4725    .conststring        nrfs_ble.o
    0x0003d884   0x0003d884   0x0000005b   Data   RO         5013    .conststring        nrfs_flash.o
    0x0003d8df   0x0003d8df   0x00000001   PAD
    0x0003d8e0   0x0003d8e0   0x000000a2   Data   RO         6016    .conststring        nrf_ble_gatt.o
    0x0003d982   0x0003d982   0x00000002   PAD
    0x0003d984   0x0003d984   0x000003eb   Data   RO         9000    .conststring        nrf_strerror.o
    0x0003dd6f   0x0003dd6f   0x00000001   PAD
    0x0003dd70   0x0003dd70   0x0000004f   Data   RO         9079    .conststring        nrf_fstorage.o
    0x0003ddbf   0x0003ddbf   0x00000001   PAD
    0x0003ddc0   0x0003ddc0   0x00000066   Data   RO         9686    .conststring        nrf_log_str_formatter.o
    0x0003de26   0x0003de26   0x00000002   PAD
    0x0003de28   0x0003de28   0x00000188   Data   RO        10115    .conststring        nrf_sdh_ble.o
    0x0003dfb0   0x0003dfb0   0x000000bd   Data   RO        10267    .conststring        nrf_dfu_settings.o
    0x0003e06d   0x0003e06d   0x00000003   PAD
    0x0003e070   0x0003e070   0x00000054   Data   RO        10477    .conststring        tuya_ble_sdk_nRF52832.lib(tuya_ble_cryption_api.o)
    0x0003e0c4   0x0003e0c4   0x0000000d   Data   RO         6017    .conststrlit        nrf_ble_gatt.o
    0x0003e0d1   0x0003e0d1   0x00000003   PAD
    0x0003e0d4   0x0003e0d4   0x00000009   Data   RO         6163    .conststrlit        nrf_ble_scan.o
    0x0003e0dd   0x0003e0dd   0x00000003   PAD
    0x0003e0e0   0x0003e0e0   0x00000008   Data   RO         6287    .conststrlit        ble_nus.o
    0x0003e0e8   0x0003e0e8   0x00000006   Data   RO         6361    .conststrlit        nrf_drv_clock.o
    0x0003e0ee   0x0003e0ee   0x00000002   PAD
    0x0003e0f0   0x0003e0f0   0x00000006   Data   RO         6695    .conststrlit        nrfx_clock.o
    0x0003e0f6   0x0003e0f6   0x00000002   PAD
    0x0003e0f8   0x0003e0f8   0x00000007   Data   RO         6864    .conststrlit        nrfx_gpiote.o
    0x0003e0ff   0x0003e0ff   0x00000001   PAD
    0x0003e100   0x0003e100   0x00000004   Data   RO         7094    .conststrlit        nrfx_prs.o
    0x0003e104   0x0003e104   0x00000005   Data   RO         7174    .conststrlit        nrfx_uart.o
    0x0003e109   0x0003e109   0x00000003   PAD
    0x0003e10c   0x0003e10c   0x00000006   Data   RO         7357    .conststrlit        nrfx_uarte.o
    0x0003e112   0x0003e112   0x00000002   PAD
    0x0003e114   0x0003e114   0x00000004   Data   RO         7503    .conststrlit        nrfx_rtc.o
    0x0003e118   0x0003e118   0x00000004   Data   RO         7663    .conststrlit        nrfx_wdt.o
    0x0003e11c   0x0003e11c   0x00000009   Data   RO         8834    .conststrlit        nrf_pwr_mgmt.o
    0x0003e125   0x0003e125   0x00000003   PAD
    0x0003e128   0x0003e128   0x0000000d   Data   RO         9080    .conststrlit        nrf_fstorage.o
    0x0003e135   0x0003e135   0x00000003   PAD
    0x0003e138   0x0003e138   0x00000010   Data   RO         9459    .conststrlit        nrf_log_default_backends.o
    0x0003e148   0x0003e148   0x00000004   Data   RO         9525    .conststrlit        nrf_log_frontend.o
    0x0003e14c   0x0003e14c   0x00000008   Data   RO        10006    .conststrlit        nrf_sdh.o
    0x0003e154   0x0003e154   0x0000000c   Data   RO        10116    .conststrlit        nrf_sdh_ble.o
    0x0003e160   0x0003e160   0x0000000c   Data   RO        10166    .conststrlit        nrf_sdh_soc.o
    0x0003e16c   0x0003e16c   0x0000000e   Data   RO        10202    .conststrlit        nrf_dfu_flash.o
    0x0003e17a   0x0003e17a   0x00000002   PAD
    0x0003e17c   0x0003e17c   0x00000011   Data   RO        10268    .conststrlit        nrf_dfu_settings.o
    0x0003e18d   0x0003e18d   0x00000003   PAD
    0x0003e190   0x0003e190   0x00000020   Data   RO        11393    Region$$Table       anon$$obj.o
    0x0003e1b0   0x0003e1b0   0x00000010   Data   RO         9461    log_backends        nrf_log_default_backends.o
    0x0003e1c0   0x0003e1c0   0x00000008   Data   RO         6018    log_const_data      nrf_ble_gatt.o
    0x0003e1c8   0x0003e1c8   0x00000008   Data   RO         6164    log_const_data      nrf_ble_scan.o
    0x0003e1d0   0x0003e1d0   0x00000008   Data   RO         6288    log_const_data      ble_nus.o
    0x0003e1d8   0x0003e1d8   0x00000008   Data   RO         6363    log_const_data      nrf_drv_clock.o
    0x0003e1e0   0x0003e1e0   0x00000008   Data   RO         6697    log_const_data      nrfx_clock.o
    0x0003e1e8   0x0003e1e8   0x00000008   Data   RO         6865    log_const_data      nrfx_gpiote.o
    0x0003e1f0   0x0003e1f0   0x00000008   Data   RO         7096    log_const_data      nrfx_prs.o
    0x0003e1f8   0x0003e1f8   0x00000008   Data   RO         7175    log_const_data      nrfx_uart.o
    0x0003e200   0x0003e200   0x00000008   Data   RO         7358    log_const_data      nrfx_uarte.o
    0x0003e208   0x0003e208   0x00000008   Data   RO         7505    log_const_data      nrfx_rtc.o
    0x0003e210   0x0003e210   0x00000008   Data   RO         7665    log_const_data      nrfx_wdt.o
    0x0003e218   0x0003e218   0x00000008   Data   RO         8836    log_const_data      nrf_pwr_mgmt.o
    0x0003e220   0x0003e220   0x00000008   Data   RO         9081    log_const_data      nrf_fstorage.o
    0x0003e228   0x0003e228   0x00000008   Data   RO         9529    log_const_data      nrf_log_frontend.o
    0x0003e230   0x0003e230   0x00000008   Data   RO        10008    log_const_data      nrf_sdh.o
    0x0003e238   0x0003e238   0x00000008   Data   RO        10118    log_const_data      nrf_sdh_ble.o
    0x0003e240   0x0003e240   0x00000008   Data   RO        10167    log_const_data      nrf_sdh_soc.o
    0x0003e248   0x0003e248   0x00000008   Data   RO        10205    log_const_data      nrf_dfu_flash.o
    0x0003e250   0x0003e250   0x00000008   Data   RO        10270    log_const_data      nrf_dfu_settings.o
    0x0003e258   0x0003e258   0x00000014   Data   RO         9530    nrf_balloc          nrf_log_frontend.o
    0x0003e26c   0x0003e26c   0x00000008   Data   RO         5783    sdh_ble_observers0  ble_conn_state.o
    0x0003e274   0x0003e274   0x00000008   Data   RO         4631    sdh_ble_observers1  nrfs_scan_adv.o
    0x0003e27c   0x0003e27c   0x00000008   Data   RO         4727    sdh_ble_observers1  nrfs_ble.o
    0x0003e284   0x0003e284   0x00000008   Data   RO         5393    sdh_ble_observers1  bsp_btn_ble.o
    0x0003e28c   0x0003e28c   0x00000008   Data   RO         5699    sdh_ble_observers1  ble_conn_params.o
    0x0003e294   0x0003e294   0x00000008   Data   RO         4822    sdh_ble_observers2  nrfs_svc.o
    0x0003e29c   0x0003e29c   0x00000008   Data   RO         4728    sdh_ble_observers3  nrfs_ble.o
    0x0003e2a4   0x0003e2a4   0x00000008   Data   RO         9175    sdh_req_observers0  nrf_fstorage_sd.o
    0x0003e2ac   0x0003e2ac   0x00000008   Data   RO         6364    sdh_soc_observers0  nrf_drv_clock.o
    0x0003e2b4   0x0003e2b4   0x00000008   Data   RO         9176    sdh_soc_observers0  nrf_fstorage_sd.o
    0x0003e2bc   0x0003e2bc   0x00000008   Data   RO        10119    sdh_stack_observers0  nrf_sdh_ble.o
    0x0003e2c4   0x0003e2c4   0x00000008   Data   RO        10168    sdh_stack_observers0  nrf_sdh_soc.o
    0x0003e2cc   0x0003e2cc   0x00000008   Data   RO         6365    sdh_state_observers0  nrf_drv_clock.o
    0x0003e2d4   0x0003e2d4   0x00000008   Data   RO         9177    sdh_state_observers0  nrf_fstorage_sd.o


    Execution Region RW_IRAM1 (Exec base: 0x20002a98, Load base: 0x0003e2dc, Size: 0x00007988, Max: 0x0000d568, ABSOLUTE, COMPRESSED[0x000000ec])

    Exec Addr    Load Addr    Size         Type   Attr      Idx    E Section Name        Object

    0x20002a98   COMPRESSED   0x00000002   Data   RW          582    .data               lock_hard.o
    0x20002a9a   COMPRESSED   0x00000002   PAD
    0x20002a9c   COMPRESSED   0x00000004   Data   RW          786    .data               lock_dp_report.o
    0x20002aa0   COMPRESSED   0x00000008   Data   RW         1081    .data               lock_offline_pwd.o
    0x20002aa8   COMPRESSED   0x00000004   Data   RW         1159    .data               lock_test.o
    0x20002aac   COMPRESSED   0x0000005c   Data   RW         1200    .data               app_common.o
    0x20002b08   COMPRESSED   0x0000000f   Data   RW         1290    .data               app_flash.o
    0x20002b17   COMPRESSED   0x00000006   Data   RW         1291    .data               app_flash.o
    0x20002b1d   COMPRESSED   0x00000003   PAD
    0x20002b20   COMPRESSED   0x00000004   Data   RW         1292    .data               app_flash.o
    0x20002b24   COMPRESSED   0x00000010   Data   RW         1515    .data               app_ota.o
    0x20002b34   COMPRESSED   0x00000002   Data   RW         1597    .data               app_active_report.o
    0x20002b36   COMPRESSED   0x00000004   Data   RW         1648    .data               app_test.o
    0x20002b3a   COMPRESSED   0x00000009   Data   RW         2269    .data               tuya_ble_api.o
    0x20002b43   COMPRESSED   0x00000001   PAD
    0x20002b44   COMPRESSED   0x00000018   Data   RW         2766    .data               tuya_ble_heap.o
    0x20002b5c   COMPRESSED   0x00000008   Data   RW         2839    .data               tuya_ble_main.o
    0x20002b64   COMPRESSED   0x0000000c   Data   RW         2984    .data               tuya_ble_event.o
    0x20002b70   COMPRESSED   0x00000036   Data   RW         3175    .data               tuya_ble_data_handler.o
    0x20002ba6   COMPRESSED   0x00000001   Data   RW         3301    .data               tuya_ble_mutli_tsf_protocol.o
    0x20002ba7   COMPRESSED   0x00000001   PAD
    0x20002ba8   COMPRESSED   0x00000004   Data   RW         3874    .data               platform_util.o
    0x20002bac   COMPRESSED   0x00000014   Data   RW         4101    .data               sf_nv.o
    0x20002bc0   COMPRESSED   0x0000001c   Data   RW         4295    .data               elog.o
    0x20002bdc   COMPRESSED   0x00000001   Data   RW         4452    .data               elog_port.o
    0x20002bdd   COMPRESSED   0x00000002   Data   RW         4535    .data               nrfs_common.o
    0x20002bdf   COMPRESSED   0x00000001   PAD
    0x20002be0   COMPRESSED   0x0000006a   Data   RW         4630    .data               nrfs_scan_adv.o
    0x20002c4a   COMPRESSED   0x00000016   Data   RW         4726    .data               nrfs_ble.o
    0x20002c60   COMPRESSED   0x00000008   Data   RW         4819    .data               nrfs_svc.o
    0x20002c68   COMPRESSED   0x0000001c   Data   RW         4820    .data               nrfs_svc.o
    0x20002c84   COMPRESSED   0x00000004   Data   RW         4821    .data               nrfs_svc.o
    0x20002c88   COMPRESSED   0x00000010   Data   RW         4909    .data               nrfs_timer.o
    0x20002c98   COMPRESSED   0x00000004   Data   RW         5014    .data               nrfs_flash.o
    0x20002c9c   COMPRESSED   0x00000008   Data   RW         5392    .data               bsp_btn_ble.o
    0x20002ca4   COMPRESSED   0x00000008   Data   RW         5698    .data               ble_conn_params.o
    0x20002cac   COMPRESSED   0x00000001   Data   RW         6362    .data               nrf_drv_clock.o
    0x20002cad   COMPRESSED   0x00000003   PAD
    0x20002cb0   COMPRESSED   0x0000000c   Data   RW         6489    .data               nrf_drv_uart.o
    0x20002cbc   COMPRESSED   0x00000008   Data   RW         6696    .data               nrfx_clock.o
    0x20002cc4   COMPRESSED   0x0000000c   Data   RW         7095    .data               nrfx_prs.o
    0x20002cd0   COMPRESSED   0x00000008   Data   RW         7504    .data               nrfx_rtc.o
    0x20002cd8   COMPRESSED   0x00000008   Data   RW         7664    .data               nrfx_wdt.o
    0x20002ce0   COMPRESSED   0x00000018   Data   RW         8033    .data               app_timer.o
    0x20002cf8   COMPRESSED   0x0000001c   Data   RW         8185    .data               app_uart_fifo.o
    0x20002d14   COMPRESSED   0x00000001   Data   RW         8649    .data               nrf_balloc.o
    0x20002d15   COMPRESSED   0x00000003   PAD
    0x20002d18   COMPRESSED   0x00000008   Data   RW         8835    .data               nrf_pwr_mgmt.o
    0x20002d20   COMPRESSED   0x00000008   Data   RW         9174    .data               nrf_fstorage_sd.o
    0x20002d28   COMPRESSED   0x00000004   Data   RW         9278    .data               nrf_fstorage_nvmc.o
    0x20002d2c   COMPRESSED   0x00000001   Data   RW         9373    .data               nrf_log_backend_rtt.o
    0x20002d2d   COMPRESSED   0x00000003   PAD
    0x20002d30   COMPRESSED   0x00000008   Data   RW         9460    .data               nrf_log_default_backends.o
    0x20002d38   COMPRESSED   0x00000001   Data   RW         9526    .data               nrf_log_frontend.o
    0x20002d39   COMPRESSED   0x00000008   Data   RW         9527    .data               nrf_log_frontend.o
    0x20002d41   COMPRESSED   0x00000003   PAD
    0x20002d44   COMPRESSED   0x00000008   Data   RW         9528    .data               nrf_log_frontend.o
    0x20002d4c   COMPRESSED   0x00000040   Data   RW         9687    .data               nrf_log_str_formatter.o
    0x20002d8c   COMPRESSED   0x00000004   Data   RW        10007    .data               nrf_sdh.o
    0x20002d90   COMPRESSED   0x00000001   Data   RW        10117    .data               nrf_sdh_ble.o
    0x20002d91   COMPRESSED   0x00000003   PAD
    0x20002d94   COMPRESSED   0x00000004   Data   RW        10203    .data               nrf_dfu_flash.o
    0x20002d98   COMPRESSED   0x00000004   Data   RW        10269    .data               nrf_dfu_settings.o
    0x20002d9c   COMPRESSED   0x00000004   Data   RW        10432    .data               system_nrf52.o
    0x20002da0   COMPRESSED   0x00000004   Data   RW        11005    .data               mc_w.l(rand.o)
    0x20002da4   COMPRESSED   0x00000004   Data   RW        11358    .data               mc_w.l(errno.o)
    0x20002da8   COMPRESSED   0x00000014   Data   RW         5015    fs_data             nrfs_flash.o
    0x20002dbc   COMPRESSED   0x00000014   Data   RW        10204    fs_data             nrf_dfu_flash.o
    0x20002dd0        -       0x00000365   Zero   RW          673    .bss                lock_dp_parser.o
    0x20003135        -       0x0000021c   Zero   RW          783    .bss                lock_dp_report.o
    0x20003351   COMPRESSED   0x00000003   PAD
    0x20003354        -       0x00000028   Zero   RW          900    .bss                lock_timer.o
    0x2000337c        -       0x00000100   Zero   RW         1156    .bss                lock_test.o
    0x2000347c        -       0x0000012f   Zero   RW         1287    .bss                app_flash.o
    0x200035ab        -       0x000000f0   Zero   RW         1512    .bss                app_ota.o
    0x2000369b        -       0x00000200   Zero   RW         1645    .bss                app_test.o
    0x2000389b        -       0x0000012c   Zero   RW         2268    .bss                tuya_ble_api.o
    0x200039c7        -       0x00000800   Zero   RW         2765    .bss                tuya_ble_heap.o
    0x200041c7   COMPRESSED   0x00000001   PAD
    0x200041c8        -       0x00000334   Zero   RW         2837    .bss                tuya_ble_main.o
    0x200044fc        -       0x0000086c   Zero   RW         2983    .bss                tuya_ble_event.o
    0x20004d68        -       0x00000168   Zero   RW         3043    .bss                tuya_ble_storage.o
    0x20004ed0        -       0x000004b0   Zero   RW         3174    .bss                tuya_ble_data_handler.o
    0x20005380        -       0x00000212   Zero   RW         4098    .bss                sf_nv.o
    0x20005592   COMPRESSED   0x00000002   PAD
    0x20005594        -       0x00000800   Zero   RW         4239    .bss                sf_mem.o
    0x20005d94        -       0x00000250   Zero   RW         4292    .bss                elog.o
    0x20005fe4        -       0x00000078   Zero   RW         4628    .bss                nrfs_scan_adv.o
    0x2000605c        -       0x00000014   Zero   RW         4723    .bss                nrfs_ble.o
    0x20006070        -       0x00000400   Zero   RW         4859    .bss                nrfs_uart.o
    0x20006470        -       0x00000320   Zero   RW         4907    .bss                nrfs_timer.o
    0x20006790        -       0x00000128   Zero   RW         5011    .bss                nrfs_flash.o
    0x200068b8        -       0x0000000c   Zero   RW         5288    .bss                bsp.o
    0x200068c4        -       0x00000050   Zero   RW         5697    .bss                ble_conn_params.o
    0x20006914        -       0x00000078   Zero   RW         5782    .bss                ble_conn_state.o
    0x2000698c        -       0x00000014   Zero   RW         6356    .bss                nrf_drv_clock.o
    0x200069a0        -       0x0000005c   Zero   RW         6859    .bss                nrfx_gpiote.o
    0x200069fc        -       0x0000002c   Zero   RW         7169    .bss                nrfx_uart.o
    0x20006a28        -       0x00000024   Zero   RW         7352    .bss                nrfx_uarte.o
    0x20006a4c        -       0x0000010c   Zero   RW         8031    .bss                app_timer.o
    0x20006b58        -       0x00000020   Zero   RW         8183    .bss                app_uart_fifo.o
    0x20006b78        -       0x0000000c   Zero   RW         8264    .bss                app_util_platform.o
    0x20006b84        -       0x0000000c   Zero   RW         8831    .bss                nrf_pwr_mgmt.o
    0x20006b90        -       0x00000010   Zero   RW         9170    .bss                nrf_fstorage_sd.o
    0x20006ba0        -       0x000001f0   Zero   RW         9171    .bss                nrf_fstorage_sd.o
    0x20006d90        -       0x00000040   Zero   RW         9370    .bss                nrf_log_backend_rtt.o
    0x20006dd0        -       0x000000c0   Zero   RW         9520    .bss                nrf_log_frontend.o
    0x20006e90        -       0x00000080   Zero   RW         9521    .bss                nrf_log_frontend.o
    0x20006f10        -       0x00000018   Zero   RW         9522    .bss                nrf_log_frontend.o
    0x20006f28        -       0x00000424   Zero   RW         9523    .bss                nrf_log_frontend.o
    0x2000734c        -       0x00000888   Zero   RW         9763    .bss                segger_rtt.o
    0x20007bd4        -       0x00000768   Zero   RW        10266    .bss                nrf_dfu_settings.o
    0x2000833c        -       0x000000e0   Zero   RW        10475    .bss                tuya_ble_sdk_nRF52832.lib(tuya_ble_cryption_api.o)
    0x2000841c   COMPRESSED   0x00000004   PAD
    0x20008420        -       0x00002000   Zero   RW        10420    STACK               arm_startup_nrf52.o



  Load Region LR$$.ARM.__AT_0x0007D000 (Base: 0x0007d000, Size: 0x00000000, Max: 0x00001000, ABSOLUTE)

    Execution Region ER$$.ARM.__AT_0x0007D000 (Exec base: 0x0007d000, Load base: 0x0007d000, Size: 0x00001000, Max: 0x00001000, ABSOLUTE, UNINIT)

    Exec Addr    Load Addr    Size         Type   Attr      Idx    E Section Name        Object

    0x0007d000        -       0x00001000   Zero   RW        10263    .ARM.__AT_0x0007D000  nrf_dfu_settings.o



  Load Region LR$$.ARM.__AT_0x0007E000 (Base: 0x0007e000, Size: 0x00000000, Max: 0x00001000, ABSOLUTE)

    Execution Region ER$$.ARM.__AT_0x0007E000 (Exec base: 0x0007e000, Load base: 0x0007e000, Size: 0x00001000, Max: 0x00001000, ABSOLUTE, UNINIT)

    Exec Addr    Load Addr    Size         Type   Attr      Idx    E Section Name        Object

    0x0007e000        -       0x00001000   Zero   RW        10264    .ARM.__AT_0x0007E000  nrf_dfu_settings.o



  Load Region LR$$.ARM.__AT_0x0007F000 (Base: 0x0007f000, Size: 0x00000000, Max: 0x00001000, ABSOLUTE)

    Execution Region ER$$.ARM.__AT_0x0007F000 (Exec base: 0x0007f000, Load base: 0x0007f000, Size: 0x00001000, Max: 0x00001000, ABSOLUTE, UNINIT)

    Exec Addr    Load Addr    Size         Type   Attr      Idx    E Section Name        Object

    0x0007f000        -       0x00001000   Zero   RW        10265    .ARM.__AT_0x0007F000  nrf_dfu_settings.o


==============================================================================

Image component sizes


      Code (inc. data)   RO Data    RW Data    ZI Data      Debug   Object Name

      2752         36       8744          0          0      20310   aes.o
       568        342        175          2          0       3607   app_active_report.o
       842        300        104         92          0       6163   app_common.o
        22          0          0          0          0       2509   app_error.o
         0          0          0          0          0      26647   app_error_weak.o
       126          0          0          0          0       5887   app_fifo.o
      1716        152         84         25        303      29371   app_flash.o
      2554        858        199         16        240      12735   app_ota.o
       736        188        142          0          0      33902   app_port.o
      1430        404         89          4        512       9289   app_test.o
      1514        128          6         24        268      49299   app_timer.o
       596         76         32         28         32      23240   app_uart_fifo.o
       124         14          0          0         12       9810   app_util_platform.o
        36          8        512          0       8192        956   arm_startup_nrf52.o
       238          0          0          0          0      44331   ble_advdata.o
       428         24          8          8         80       7412   ble_conn_params.o
       376         14          8          0        120       8289   ble_conn_state.o
        72          0          0          0          0       1708   ble_link_ctx_manager.o
       672          6         32          0          0       7148   ble_nus.o
       456          6          0          0          0       3483   ble_srv_common.o
         0          0          0          0          0       5548   boards.o
        68          4          0          0         12       7120   bsp.o
       166          6          8          8          0       3348   bsp_btn_ble.o
       302         10          4          0          0       8156   cpt_math.o
       404         34          0          0          0       6248   cpt_string_op.o
        60          6          0          0          0       1568   crc32.o
      1864        534        233         28        592      17128   elog.o
        94         40          0          1          0      34565   elog_port.o
       212         64        110          0          0       3253   elog_utils.o
       812         28          0          0          0       6156   ff1.o
       132          4          8          0          0       2466   fpe_cipher.o
       116          4          0          0          0       1802   fpe_decrypt.o
       182          0          0          0          0       4820   fpe_math.o
       584         10         16          0          0      11208   fpe_str.o
       170          0          0          0          0       1768   hmac-sha1.o
       434        226        160          0          0     165066   lock_common.o
      6088       2120        486          0        869      30491   lock_dp_parser.o
      1252        126         97          4        540      21914   lock_dp_report.o
       640        212        117          0          0       4518   lock_dynamic_pwd.o
      1900        756         92          2          0      11101   lock_hard.o
      3108        986        225          8          0      12928   lock_offline_pwd.o
       944        400        127          4        256       4404   lock_test.o
       606        202        142          0         40      16618   lock_timer.o
       112          0          0          0          0       2033   main.o
      2446        262          0          0          0      10519   md5.o
       342          0          0          0          0       8938   nrf_atfifo.o
        64          0          0          0          0       3076   nrf_atflags.o
       340          0          0          0          0      11202   nrf_atomic.o
       172         10          0          1          0       4020   nrf_balloc.o
       922        272        205          0          0      36927   nrf_ble_gatt.o
       720          0         17          0          0      10316   nrf_ble_scan.o
       296        148         22         24          0       4567   nrf_dfu_flash.o
       904        402        214          4      14184       9510   nrf_dfu_settings.o
       284         42         30          1         20      38088   nrf_drv_clock.o
       200         26          0         12          0      18148   nrf_drv_uart.o
        50          0          0          0          0       3077   nrf_fprintf.o
       866          4         16          0          0       5650   nrf_fprintf_format.o
      1324        586        194          0          0       8432   nrf_fstorage.o
       260         20         44          4          0       8268   nrf_fstorage_nvmc.o
       794         82         72          8        512      16515   nrf_fstorage_sd.o
       112         18         18          1         64       5841   nrf_log_backend_rtt.o
       200          0          0          0          0      10969   nrf_log_backend_serial.o
        28          4         32          8          0       3421   nrf_log_default_backends.o
      1500        120         44         17       1404      31159   nrf_log_frontend.o
       570        108        102         64          0       5828   nrf_log_str_formatter.o
       346          0          0          0          0       8351   nrf_memobj.o
       116         18          0          0          0       2101   nrf_nvmc.o
       112         22         53          8         12      36582   nrf_pwr_mgmt.o
        28          0          0          0          0       2447   nrf_ringbuf.o
       544         60        104          4          0      42188   nrf_sdh.o
       672        232        468          1          0       6037   nrf_sdh_ble.o
        60          4         56          0          0       2552   nrf_sdh_soc.o
        78          0          0          0          0       2896   nrf_section_iter.o
        76         10       1319          0          0       2855   nrf_strerror.o
      2046        574        130         22         20      11918   nrfs_ble.o
       328        124         44          2          0      37305   nrfs_common.o
      1084        504        152         24        296       8177   nrfs_flash.o
      1020        454         54        106        120       9858   nrfs_scan_adv.o
       268        134         27         40          0       3309   nrfs_svc.o
         2          0          0          0          0        612   nrfs_test.o
       696        266         77         16        800      11979   nrfs_timer.o
       288        114         44          0       1024       3122   nrfs_uart.o
       298         32         14          8          0      44314   nrfx_clock.o
       518         30         19          0         92      50358   nrfx_gpiote.o
       114         22         12         12          0       4652   nrfx_prs.o
       384         20         12          8          0      11619   nrfx_rtc.o
      1556         46         17          0         44      33176   nrfx_uart.o
      1386         48         18          0         36      27087   nrfx_uarte.o
       232         52         12          8          0       8412   nrfx_wdt.o
        16          6          0          4          0       1895   platform_util.o
       378         34          0          0       2184       9245   segger_rtt.o
       148         16          0          0       2048       3949   sf_mem.o
      1900        324        118         20        530      13212   sf_nv.o
        54          0          0          0          0       4477   sf_port.o
       814         20         16          0          0       6359   sha1.o
       796         70          0          4          0       3047   system_nrf52.o
      1026         36          0          9        300      18912   tuya_ble_api.o
         2          0          0          0          0       1879   tuya_ble_app_uart_common_handler.o
      2814        136          0         54       1200      23815   tuya_ble_data_handler.o
       232         26          0         12       2156       6259   tuya_ble_event.o
       368         24          0         24       2048       5015   tuya_ble_heap.o
      1270        100         58          8        820      15325   tuya_ble_main.o
        36          0          0          0          0       2206   tuya_ble_mem.o
       754          4          0          1          0       8994   tuya_ble_mutli_tsf_protocol.o
         0          0          0          0          0       3655   tuya_ble_port.o
       668         34          0          0          0      25957   tuya_ble_port_nrf52832.o
       544         44         50          0        360       7204   tuya_ble_storage.o
       340         10         12          0          0       4920   tuya_ble_unix_time.o
       222         10          4          0          0       5740   tuya_ble_utils.o

    ----------------------------------------------------------------------
     72656      14092      15996        816      42348    1488766   Object Totals
         0          0         32          0          0          0   (incl. Generated)
       120          0        104         23          6          0   (incl. Padding)

    ----------------------------------------------------------------------

      Code (inc. data)   RO Data    RW Data    ZI Data      Debug   Library Member Name

       164         44          0          0          0        620   dunder.o
        24          0          0          0          0        124   fabs.o
        48          0          0          0          0        124   fpclassify.o
       248          0          0          0          0        152   poly.o
      3152        296        136          0          0        352   pow.o
         0          0          8          0          0          0   qnan.o
       110          0          0          0          0        148   sqrt.o
        86          0          0          0          0          0   __dczerorl2.o
       144          0          0          0          0         88   __strtoll.o
        28          0          0          0          0         68   _chval.o
       194          0          0          0          0         96   _strtoull.o
        26          0          0          0          0         80   atoll.o
         8          4        133          0          0         68   ctype_o.o
         0          0          0          0          0          0   entry.o
         0          0          0          0          0          0   entry10a.o
         0          0          0          0          0          0   entry11a.o
         8          4          0          0          0          0   entry2.o
         4          0          0          0          0          0   entry5.o
         0          0          0          0          0          0   entry7b.o
         0          0          0          0          0          0   entry8b.o
         8          4          0          0          0          0   entry9a.o
        20         10          0          4          0        136   errno.o
        30          0          0          0          0          0   handlers.o
        36          8          0          0          0         68   init.o
         0          0          0          0          0          0   iusefp.o
        30          0          0          0          0         68   llshl.o
        36          0          0          0          0         68   llsshr.o
        32          0          0          0          0         68   llushr.o
        26          0          0          0          0         80   memcmp.o
        36          0          0          0          0         68   memcpya.o
        36          0          0          0          0        108   memseta.o
      2390         94          0          0          0        752   printfa.o
        36         10          0          4          0        136   rand.o
        18          0          0          0          0         68   strcpy.o
        14          0          0          0          0         68   strlen.o
        24          0          0          0          0         76   strncpy.o
        36          0          0          0          0         80   strstr.o
        44          0          0          0          0         80   uidiv.o
        98          0          0          0          0         92   uldiv.o
        48          0          0          0          0         68   cdrcmple.o
       334          0          0          0          0        148   dadd.o
       222          0          0          0          0        100   ddiv.o
       186          0          0          0          0        176   depilogue.o
        62          0          0          0          0         80   dfixi.o
        50          0          0          0          0         76   dfixui.o
        48          0          0          0          0         68   dfixul.o
        34          0          0          0          0         76   dflti.o
        26          0          0          0          0         76   dfltui.o
       228          0          0          0          0         96   dmul.o
        46          0          0          0          0         80   dscalb.o
       162          0          0          0          0        100   dsqrt.o
      1292        168        153          0        224      10454   tuya_ble_cryption_api.o

    ----------------------------------------------------------------------
      9948        646        436          8        228      15534   Library Totals
        16          4          6          0          4          0   (incl. Padding)

    ----------------------------------------------------------------------

      Code (inc. data)   RO Data    RW Data    ZI Data      Debug   Library Name

      3746        340        144          0          0       1520   m_wm.l
      3448        134        133          8          0       2416   mc_w.l
      1446          0          0          0          0       1144   mf_w.l
      1292        168        153          0        224      10454   tuya_ble_sdk_nRF52832.lib

    ----------------------------------------------------------------------
      9948        646        436          8        228      15534   Library Totals

    ----------------------------------------------------------------------

==============================================================================


      Code (inc. data)   RO Data    RW Data    ZI Data      Debug   

     82604      14738      16432        824      42576    1427908   Grand Totals
     82604      14738      16432        236      42576    1427908   ELF Image Totals (compressed)
     82604      14738      16432        236          0          0   ROM Totals

==============================================================================

    Total RO  Size (Code + RO Data)                99036 (  96.71kB)
    Total RW  Size (RW Data + ZI Data)             43400 (  42.38kB)
    Total ROM Size (Code + RO Data + RW Data)      99272 (  96.95kB)

==============================================================================

